Component: Arm Compiler for Embedded 6.21 Tool: armlink [5ec1fa00]

==============================================================================

Section Cross References

    main.o(.text.main) refers to uart.o(.text.UART_Init) for UART_Init
    main.o(.text.main) refers to main.o(.rodata.str1.1) for .L.str
    main.o(.text.main) refers to uart.o(.text.printstring) for printstring
    main.o(.text.main) refers to uart.o(.text.Delay) for Delay
    main.o(.ARM.exidx.text.main) refers to main.o(.text.main) for [Anonymous Symbol]
    uart.o(.ARM.exidx.text.UART0_Receiver) refers to uart.o(.text.UART0_Receiver) for [Anonymous Symbol]
    uart.o(.ARM.exidx.text.UART0_Transmitter) refers to uart.o(.text.UART0_Transmitter) for [Anonymous Symbol]
    uart.o(.text.printstring) refers to uart.o(.text.UART0_Transmitter) for UART0_Transmitter
    uart.o(.ARM.exidx.text.printstring) refers to uart.o(.text.printstring) for [Anonymous Symbol]
    uart.o(.ARM.exidx.text.Delay) refers to uart.o(.text.Delay) for [Anonymous Symbol]
    uart.o(.text.UART_Init) refers to uart.o(.text.Delay) for Delay
    uart.o(.ARM.exidx.text.UART_Init) refers to uart.o(.text.UART_Init) for [Anonymous Symbol]
    startup_tm4c123.o(STACK) refers (Special) to heapauxi.o(.text) for __use_two_region_memory
    startup_tm4c123.o(HEAP) refers (Special) to heapauxi.o(.text) for __use_two_region_memory
    startup_tm4c123.o(RESET) refers (Special) to heapauxi.o(.text) for __use_two_region_memory
    startup_tm4c123.o(RESET) refers to startup_tm4c123.o(STACK) for __initial_sp
    startup_tm4c123.o(RESET) refers to startup_tm4c123.o(.text) for Reset_Handler
    startup_tm4c123.o(RESET) refers to port.o(.text.SVC_Handler) for SVC_Handler
    startup_tm4c123.o(RESET) refers to port.o(.text.PendSV_Handler) for PendSV_Handler
    startup_tm4c123.o(RESET) refers to port.o(.text.SysTick_Handler) for SysTick_Handler
    startup_tm4c123.o(.text) refers (Special) to heapauxi.o(.text) for __use_two_region_memory
    startup_tm4c123.o(.text) refers to system_tm4c123.o(.text.SystemInit) for SystemInit
    startup_tm4c123.o(.text) refers to __main.o(!!!main) for __main
    startup_tm4c123.o(.text) refers to startup_tm4c123.o(HEAP) for Heap_Mem
    startup_tm4c123.o(.text) refers to startup_tm4c123.o(STACK) for Stack_Mem
    system_tm4c123.o(.text.SystemCoreClockUpdate) refers to system_tm4c123.o(.text.getOscClk) for getOscClk
    system_tm4c123.o(.text.SystemCoreClockUpdate) refers to system_tm4c123.o(.data.SystemCoreClock) for SystemCoreClock
    system_tm4c123.o(.ARM.exidx.text.SystemCoreClockUpdate) refers to system_tm4c123.o(.text.SystemCoreClockUpdate) for [Anonymous Symbol]
    system_tm4c123.o(.ARM.exidx.text.getOscClk) refers to system_tm4c123.o(.text.getOscClk) for [Anonymous Symbol]
    system_tm4c123.o(.ARM.exidx.text.SystemInit) refers to system_tm4c123.o(.text.SystemInit) for [Anonymous Symbol]
    list.o(.ARM.exidx.text.vListInitialise) refers to list.o(.text.vListInitialise) for [Anonymous Symbol]
    list.o(.ARM.exidx.text.vListInitialiseItem) refers to list.o(.text.vListInitialiseItem) for [Anonymous Symbol]
    list.o(.ARM.exidx.text.vListInsertEnd) refers to list.o(.text.vListInsertEnd) for [Anonymous Symbol]
    list.o(.ARM.exidx.text.vListInsert) refers to list.o(.text.vListInsert) for [Anonymous Symbol]
    list.o(.ARM.exidx.text.uxListRemove) refers to list.o(.text.uxListRemove) for [Anonymous Symbol]
    port.o(.text.pxPortInitialiseStack) refers to port.o(.text.prvTaskExitError) for prvTaskExitError
    port.o(.ARM.exidx.text.pxPortInitialiseStack) refers to port.o(.text.pxPortInitialiseStack) for [Anonymous Symbol]
    port.o(.text.prvTaskExitError) refers to port.o(.data.uxCriticalNesting) for uxCriticalNesting
    port.o(.ARM.exidx.text.prvTaskExitError) refers to port.o(.text.prvTaskExitError) for [Anonymous Symbol]
    port.o(.text.SVC_Handler) refers to tasks.o(.bss.pxCurrentTCB) for pxCurrentTCB
    port.o(.ARM.exidx.text.SVC_Handler) refers to port.o(.text.SVC_Handler) for [Anonymous Symbol]
    port.o(.text.xPortStartScheduler) refers to port.o(.bss.ucMaxSysCallPriority) for ucMaxSysCallPriority
    port.o(.text.xPortStartScheduler) refers to port.o(.bss.ulMaxPRIGROUPValue) for ulMaxPRIGROUPValue
    port.o(.text.xPortStartScheduler) refers to port.o(.text.vPortSetupTimerInterrupt) for vPortSetupTimerInterrupt
    port.o(.text.xPortStartScheduler) refers to port.o(.data.uxCriticalNesting) for uxCriticalNesting
    port.o(.text.xPortStartScheduler) refers to port.o(.text.vPortEnableVFP) for vPortEnableVFP
    port.o(.text.xPortStartScheduler) refers to port.o(.text.prvPortStartFirstTask) for prvPortStartFirstTask
    port.o(.text.xPortStartScheduler) refers to tasks.o(.text.vTaskSwitchContext) for vTaskSwitchContext
    port.o(.text.xPortStartScheduler) refers to port.o(.text.prvTaskExitError) for prvTaskExitError
    port.o(.ARM.exidx.text.xPortStartScheduler) refers to port.o(.text.xPortStartScheduler) for [Anonymous Symbol]
[...]
    timers.o(.text.prvProcessExpiredTimer) refers to timers.o(.text.prvReloadTimer) for prvReloadTimer
    timers.o(.ARM.exidx.text.prvProcessExpiredTimer) refers to timers.o(.text.prvProcessExpiredTimer) for [Anonymous Symbol]
    timers.o(.text.prvSwitchTimerLists) refers to timers.o(.bss.pxCurrentTimerList) for pxCurrentTimerList
    timers.o(.text.prvSwitchTimerLists) refers to timers.o(.text.prvProcessExpiredTimer) for prvProcessExpiredTimer
    timers.o(.text.prvSwitchTimerLists) refers to timers.o(.bss.pxOverflowTimerList) for pxOverflowTimerList
    timers.o(.ARM.exidx.text.prvSwitchTimerLists) refers to timers.o(.text.prvSwitchTimerLists) for [Anonymous Symbol]
    timers.o(.text.prvReloadTimer) refers to timers.o(.text.prvInsertTimerInActiveList) for prvInsertTimerInActiveList
    timers.o(.ARM.exidx.text.prvReloadTimer) refers to timers.o(.text.prvReloadTimer) for [Anonymous Symbol]
    timers.o(.text.prvInsertTimerInActiveList) refers to timers.o(.bss.pxOverflowTimerList) for pxOverflowTimerList
    timers.o(.text.prvInsertTimerInActiveList) refers to list.o(.text.vListInsert) for vListInsert
    timers.o(.text.prvInsertTimerInActiveList) refers to timers.o(.bss.pxCurrentTimerList) for pxCurrentTimerList
    timers.o(.ARM.exidx.text.prvInsertTimerInActiveList) refers to timers.o(.text.prvInsertTimerInActiveList) for [Anonymous Symbol]
    rt_memcpy_v6.o(.text) refers to rt_memcpy_w.o(.text) for __aeabi_memcpy4
    aeabi_memset4.o(.text) refers to rt_memclr_w.o(.text) for _memset_w
    rt_memclr.o(.text) refers to rt_memclr_w.o(.text) for _memset_w
    __main.o(!!!main) refers to __rtentry.o(.ARM.Collect$$rtentry$$00000000) for __rt_entry
    __rtentry.o(.ARM.Collect$$rtentry$$00000000) refers (Special) to __rtentry2.o(.ARM.Collect$$rtentry$$0000000A) for __rt_entry_li
    __rtentry.o(.ARM.Collect$$rtentry$$00000000) refers (Special) to __rtentry2.o(.ARM.Collect$$rtentry$$0000000D) for __rt_entry_main
    __rtentry.o(.ARM.Collect$$rtentry$$00000000) refers (Special) to __rtentry2.o(.ARM.Collect$$rtentry$$0000000C) for __rt_entry_postli_1
    __rtentry.o(.ARM.Collect$$rtentry$$00000000) refers (Special) to __rtentry2.o(.ARM.Collect$$rtentry$$00000009) for __rt_entry_postsh_1
    __rtentry.o(.ARM.Collect$$rtentry$$00000000) refers (Special) to __rtentry2.o(.ARM.Collect$$rtentry$$00000002) for __rt_entry_presh_1
    __rtentry.o(.ARM.Collect$$rtentry$$00000000) refers (Special) to __rtentry4.o(.ARM.Collect$$rtentry$$00000004) for __rt_entry_sh
    __rtentry2.o(.ARM.Collect$$rtentry$$00000008) refers to boardinit2.o(.text) for _platform_post_stackheap_init
    __rtentry2.o(.ARM.Collect$$rtentry$$0000000A) refers to libinit.o(.ARM.Collect$$libinit$$00000000) for __rt_lib_init
    __rtentry2.o(.ARM.Collect$$rtentry$$0000000B) refers to boardinit3.o(.text) for _platform_post_lib_init
    __rtentry2.o(.ARM.Collect$$rtentry$$0000000D) refers to main.o(.text.main) for main
    __rtentry2.o(.ARM.Collect$$rtentry$$0000000D) refers to exit.o(.text) for exit
    __rtentry2.o(.ARM.exidx) refers to __rtentry2.o(.ARM.Collect$$rtentry$$00000001) for .ARM.Collect$$rtentry$$00000001
    __rtentry2.o(.ARM.exidx) refers to __rtentry2.o(.ARM.Collect$$rtentry$$00000008) for .ARM.Collect$$rtentry$$00000008
    __rtentry2.o(.ARM.exidx) refers to __rtentry2.o(.ARM.Collect$$rtentry$$0000000A) for .ARM.Collect$$rtentry$$0000000A
    __rtentry2.o(.ARM.exidx) refers to __rtentry2.o(.ARM.Collect$$rtentry$$0000000B) for .ARM.Collect$$rtentry$$0000000B
    __rtentry2.o(.ARM.exidx) refers to __rtentry2.o(.ARM.Collect$$rtentry$$0000000D) for .ARM.Collect$$rtentry$$0000000D
    __rtentry4.o(.ARM.Collect$$rtentry$$00000004) refers to sys_stackheap_outer.o(.text) for __user_setup_stackheap
    __rtentry4.o(.ARM.exidx) refers to __rtentry4.o(.ARM.Collect$$rtentry$$00000004) for .ARM.Collect$$rtentry$$00000004
    sys_stackheap_outer.o(.text) refers to libspace.o(.text) for __user_perproc_libspace
    sys_stackheap_outer.o(.text) refers to startup_tm4c123.o(.text) for __user_initial_stackheap
    exit.o(.text) refers to rtexit.o(.ARM.Collect$$rtexit$$00000000) for __rt_exit
    libinit.o(.ARM.Collect$$libinit$$00000000) refers (Special) to libinit2.o(.ARM.Collect$$libinit$$00000030) for __rt_lib_init_alloca_1
    libinit.o(.ARM.Collect$$libinit$$00000000) refers (Special) to libinit2.o(.ARM.Collect$$libinit$$0000002E) for __rt_lib_init_argv_1
    libinit.o(.ARM.Collect$$libinit$$00000000) refers (Special) to libinit2.o(.ARM.Collect$$libinit$$0000001D) for __rt_lib_init_atexit_1
    libinit.o(.ARM.Collect$$libinit$$00000000) refers (Special) to libinit2.o(.ARM.Collect$$libinit$$00000023) for __rt_lib_init_clock_1
    libinit.o(.ARM.Collect$$libinit$$00000000) refers (Special) to libinit2.o(.ARM.Collect$$libinit$$00000034) for __rt_lib_init_cpp_1
    libinit.o(.ARM.Collect$$libinit$$00000000) refers (Special) to libinit2.o(.ARM.Collect$$libinit$$00000032) for __rt_lib_init_exceptions_1
    libinit.o(.ARM.Collect$$libinit$$00000000) refers (Special) to libinit2.o(.ARM.Collect$$libinit$$00000001) for __rt_lib_init_fp_1
    libinit.o(.ARM.Collect$$libinit$$00000000) refers (Special) to libinit2.o(.ARM.Collect$$libinit$$00000021) for __rt_lib_init_fp_trap_1
    libinit.o(.ARM.Collect$$libinit$$00000000) refers (Special) to libinit2.o(.ARM.Collect$$libinit$$00000025) for __rt_lib_init_getenv_1
    libinit.o(.ARM.Collect$$libinit$$00000000) refers (Special) to libinit2.o(.ARM.Collect$$libinit$$0000000C) for __rt_lib_init_heap_1
    libinit.o(.ARM.Collect$$libinit$$00000000) refers (Special) to libinit2.o(.ARM.Collect$$libinit$$00000013) for __rt_lib_init_lc_collate_1
    libinit.o(.ARM.Collect$$libinit$$00000000) refers (Special) to libinit2.o(.ARM.Collect$$libinit$$00000015) for __rt_lib_init_lc_ctype_1
    libinit.o(.ARM.Collect$$libinit$$00000000) refers (Special) to libinit2.o(.ARM.Collect$$libinit$$00000017) for __rt_lib_init_lc_monetary_1
    libinit.o(.ARM.Collect$$libinit$$00000000) refers (Special) to libinit2.o(.ARM.Collect$$libinit$$00000019) for __rt_lib_init_lc_numeric_1
    libinit.o(.ARM.Collect$$libinit$$00000000) refers (Special) to libinit2.o(.ARM.Collect$$libinit$$0000001B) for __rt_lib_init_lc_time_1
    libinit.o(.ARM.Collect$$libinit$$00000000) refers (Special) to libinit2.o(.ARM.Collect$$libinit$$00000006) for __rt_lib_init_preinit_1
    libinit.o(.ARM.Collect$$libinit$$00000000) refers (Special) to libinit2.o(.ARM.Collect$$libinit$$00000010) for __rt_lib_init_rand_1
    libinit.o(.ARM.Collect$$libinit$$00000000) refers (Special) to libinit2.o(.ARM.Collect$$libinit$$00000004) for __rt_lib_init_relocate_pie_1
    libinit.o(.ARM.Collect$$libinit$$00000000) refers (Special) to libinit2.o(.ARM.Collect$$libinit$$00000035) for __rt_lib_init_return
    libinit.o(.ARM.Collect$$libinit$$00000000) refers (Special) to libinit2.o(.ARM.Collect$$libinit$$0000001F) for __rt_lib_init_signal_1
    libinit.o(.ARM.Collect$$libinit$$00000000) refers (Special) to libinit2.o(.ARM.Collect$$libinit$$00000027) for __rt_lib_init_stdio_1
    libinit.o(.ARM.Collect$$libinit$$00000000) refers (Special) to libinit2.o(.ARM.Collect$$libinit$$0000000E) for __rt_lib_init_user_alloc_1
    libspace.o(.text) refers to libspace.o(.bss) for __libspace_start
    rtexit.o(.ARM.Collect$$rtexit$$00000000) refers (Special) to rtexit2.o(.ARM.Collect$$rtexit$$00000004) for __rt_exit_exit
    rtexit.o(.ARM.Collect$$rtexit$$00000000) refers (Special) to rtexit2.o(.ARM.Collect$$rtexit$$00000003) for __rt_exit_ls
    rtexit.o(.ARM.Collect$$rtexit$$00000000) refers (Special) to rtexit2.o(.ARM.Collect$$rtexit$$00000002) for __rt_exit_prels_1
    rtexit.o(.ARM.exidx) refers (Special) to rtexit2.o(.ARM.Collect$$rtexit$$00000004) for __rt_exit_exit
    rtexit.o(.ARM.exidx) refers (Special) to rtexit2.o(.ARM.Collect$$rtexit$$00000003) for __rt_exit_ls
    rtexit.o(.ARM.exidx) refers (Special) to rtexit2.o(.ARM.Collect$$rtexit$$00000002) for __rt_exit_prels_1
    rtexit.o(.ARM.exidx) refers to rtexit.o(.ARM.Collect$$rtexit$$00000000) for .ARM.Collect$$rtexit$$00000000
    libinit2.o(.ARM.Collect$$libinit$$00000001) refers to fpinit.o(x$fpl$fpinit) for _fp_init
    libinit2.o(.ARM.Collect$$libinit$$00000012) refers to libinit2.o(.ARM.Collect$$libinit$$00000011) for .ARM.Collect$$libinit$$00000011
    libinit2.o(.ARM.Collect$$libinit$$00000014) refers to libinit2.o(.ARM.Collect$$libinit$$00000011) for .ARM.Collect$$libinit$$00000011
    libinit2.o(.ARM.Collect$$libinit$$00000016) refers to libinit2.o(.ARM.Collect$$libinit$$00000011) for .ARM.Collect$$libinit$$00000011
    libinit2.o(.ARM.Collect$$libinit$$00000018) refers to libinit2.o(.ARM.Collect$$libinit$$00000011) for .ARM.Collect$$libinit$$00000011
    libinit2.o(.ARM.Collect$$libinit$$0000001A) refers to libinit2.o(.ARM.Collect$$libinit$$00000011) for .ARM.Collect$$libinit$$00000011
    libinit2.o(.ARM.Collect$$libinit$$00000028) refers to argv_veneer.o(.emb_text) for __ARM_argv_veneer
    libinit2.o(.ARM.Collect$$libinit$$00000029) refers to argv_veneer.o(.emb_text) for __ARM_argv_veneer
    rtexit2.o(.ARM.Collect$$rtexit$$00000003) refers to libshutdown.o(.ARM.Collect$$libshutdown$$00000000) for __rt_lib_shutdown
    rtexit2.o(.ARM.Collect$$rtexit$$00000004) refers to sys_exit.o(.text) for _sys_exit
    rtexit2.o(.ARM.exidx) refers to rtexit2.o(.ARM.Collect$$rtexit$$00000001) for .ARM.Collect$$rtexit$$00000001
    rtexit2.o(.ARM.exidx) refers to rtexit2.o(.ARM.Collect$$rtexit$$00000003) for .ARM.Collect$$rtexit$$00000003
    rtexit2.o(.ARM.exidx) refers to rtexit2.o(.ARM.Collect$$rtexit$$00000004) for .ARM.Collect$$rtexit$$00000004
    argv_veneer.o(.emb_text) refers to no_argv.o(.text) for __ARM_get_argv
    sys_exit.o(.text) refers (Special) to use_no_semi.o(.text) for __I$use$semihosting
    sys_exit.o(.text) refers (Special) to indicate_semi.o(.text) for __semihosting_library_function
    sys_exit_hlt.o(.text) refers (Special) to use_no_semi.o(.text) for __I$use$semihosting
    sys_exit_hlt.o(.text) refers (Special) to indicate_semi.o(.text) for __semihosting_library_function
    _get_argv_nomalloc.o(.text) refers (Special) to hrguard.o(.text) for __heap_region$guard
    _get_argv_nomalloc.o(.text) refers to defsig_rtmem_outer.o(.text) for __rt_SIGRTMEM
    _get_argv_nomalloc.o(.text) refers to sys_command.o(.text) for _sys_command_string
    libshutdown.o(.ARM.Collect$$libshutdown$$00000000) refers (Special) to libshutdown2.o(.ARM.Collect$$libshutdown$$00000002) for __rt_lib_shutdown_cpp_1
    libshutdown.o(.ARM.Collect$$libshutdown$$00000000) refers (Special) to libshutdown2.o(.ARM.Collect$$libshutdown$$00000007) for __rt_lib_shutdown_fp_trap_1
    libshutdown.o(.ARM.Collect$$libshutdown$$00000000) refers (Special) to libshutdown2.o(.ARM.Collect$$libshutdown$$0000000F) for __rt_lib_shutdown_heap_1
    libshutdown.o(.ARM.Collect$$libshutdown$$00000000) refers (Special) to libshutdown2.o(.ARM.Collect$$libshutdown$$00000010) for __rt_lib_shutdown_return
    libshutdown.o(.ARM.Collect$$libshutdown$$00000000) refers (Special) to libshutdown2.o(.ARM.Collect$$libshutdown$$0000000A) for __rt_lib_shutdown_signal_1
    libshutdown.o(.ARM.Collect$$libshutdown$$00000000) refers (Special) to libshutdown2.o(.ARM.Collect$$libshutdown$$00000004) for __rt_lib_shutdown_stdio_1
    libshutdown.o(.ARM.Collect$$libshutdown$$00000000) refers (Special) to libshutdown2.o(.ARM.Collect$$libshutdown$$0000000C) for __rt_lib_shutdown_user_alloc_1
    sys_command.o(.text) refers (Special) to use_no_semi.o(.text) for __I$use$semihosting
    sys_command.o(.text) refers (Special) to indicate_semi.o(.text) for __semihosting_library_function
    sys_command_hlt.o(.text) refers (Special) to use_no_semi.o(.text) for __I$use$semihosting
    sys_command_hlt.o(.text) refers (Special) to indicate_semi.o(.text) for __semihosting_library_function
    defsig_rtmem_outer.o(.text) refers to defsig_rtmem_inner.o(.text) for __rt_SIGRTMEM_inner
    defsig_rtmem_outer.o(.text) refers to defsig_exit.o(.text) for __sig_exit
    defsig_rtmem_formal.o(.text) refers to rt_raise.o(.text) for __rt_raise
    rt_raise.o(.text) refers to __raise.o(.text) for __raise
    rt_raise.o(.text) refers to sys_exit.o(.text) for _sys_exit
    defsig_exit.o(.text) refers to sys_exit.o(.text) for _sys_exit
    defsig_rtmem_inner.o(.text) refers to defsig_general.o(.text) for __default_signal_display
    __raise.o(.text) refers to defsig.o(CL$$defsig) for __default_signal_handler
    defsig_general.o(.text) refers to sys_wrch.o(.text) for _ttywrch
    sys_wrch.o(.text) refers (Special) to use_no_semi.o(.text) for __I$use$semihosting
    sys_wrch.o(.text) refers (Special) to indicate_semi.o(.text) for __semihosting_library_function
    sys_wrch_hlt.o(.text) refers (Special) to use_no_semi.o(.text) for __I$use$semihosting
    sys_wrch_hlt.o(.text) refers (Special) to indicate_semi.o(.text) for __semihosting_library_function
    defsig.o(CL$$defsig) refers to defsig_rtmem_inner.o(.text) for __rt_SIGRTMEM_inner
    defsig_abrt_inner.o(.text) refers to defsig_general.o(.text) for __default_signal_display
    defsig_fpe_inner.o(.text) refers to defsig_general.o(.text) for __default_signal_display
    defsig_rtred_inner.o(.text) refers to defsig_general.o(.text) for __default_signal_display
    defsig_stak_inner.o(.text) refers to defsig_general.o(.text) for __default_signal_display
    defsig_pvfn_inner.o(.text) refers to defsig_general.o(.text) for __default_signal_display
    defsig_cppl_inner.o(.text) refers to defsig_general.o(.text) for __default_signal_display
    defsig_segv_inner.o(.text) refers to defsig_general.o(.text) for __default_signal_display
    defsig_other.o(.text) refers to defsig_general.o(.text) for __default_signal_display


==============================================================================

Removing Unused input sections from the image.

    Removing main.o(.text), (0 bytes).
    Removing main.o(.ARM.exidx.text.main), (8 bytes).
    Removing main.o(.ARM.use_no_argv), (4 bytes).
    Removing uart.o(.text), (0 bytes).
    Removing uart.o(.text.UART0_Receiver), (46 bytes).
    Removing uart.o(.ARM.exidx.text.UART0_Receiver), (8 bytes).
    Removing uart.o(.ARM.exidx.text.UART0_Transmitter), (8 bytes).
    Removing uart.o(.ARM.exidx.text.printstring), (8 bytes).
    Removing uart.o(.ARM.exidx.text.Delay), (8 bytes).
    Removing uart.o(.ARM.exidx.text.UART_Init), (8 bytes).
    Removing system_tm4c123.o(.text), (0 bytes).
    Removing system_tm4c123.o(.text.SystemCoreClockUpdate), (326 bytes).
    Removing system_tm4c123.o(.ARM.exidx.text.SystemCoreClockUpdate), (8 bytes).
    Removing system_tm4c123.o(.text.getOscClk), (360 bytes).
    Removing system_tm4c123.o(.ARM.exidx.text.getOscClk), (8 bytes).
    Removing system_tm4c123.o(.ARM.exidx.text.SystemInit), (8 bytes).
    Removing system_tm4c123.o(.data.SystemCoreClock), (4 bytes).
    Removing freertos_evr.o(.text), (0 bytes).
    Removing list.o(.text), (0 bytes).
    Removing list.o(.text.vListInitialise), (46 bytes).
    Removing list.o(.ARM.exidx.text.vListInitialise), (8 bytes).
    Removing list.o(.text.vListInitialiseItem), (14 bytes).
    Removing list.o(.ARM.exidx.text.vListInitialiseItem), (8 bytes).
    Removing list.o(.text.vListInsertEnd), (58 bytes).
    Removing list.o(.ARM.exidx.text.vListInsertEnd), (8 bytes).
    Removing list.o(.text.vListInsert), (106 bytes).
    Removing list.o(.ARM.exidx.text.vListInsert), (8 bytes).
    Removing list.o(.text.uxListRemove), (72 bytes).
    Removing list.o(.ARM.exidx.text.uxListRemove), (8 bytes).
    Removing port.o(.text), (0 bytes).
    Removing port.o(.text.pxPortInitialiseStack), (94 bytes).
    Removing port.o(.ARM.exidx.text.pxPortInitialiseStack), (8 bytes).
    Removing port.o(.text.prvTaskExitError), (76 bytes).
    Removing port.o(.ARM.exidx.text.prvTaskExitError), (8 bytes).
    Removing port.o(.ARM.exidx.text.SVC_Handler), (8 bytes).
    Removing port.o(.text.xPortStartScheduler), (342 bytes).
    Removing port.o(.ARM.exidx.text.xPortStartScheduler), (8 bytes).
    Removing port.o(.text.vPortSetupTimerInterrupt), (120 bytes).
    Removing port.o(.ARM.exidx.text.vPortSetupTimerInterrupt), (8 bytes).
    Removing port.o(.text.vPortEnableVFP), (20 bytes).
    Removing port.o(.ARM.exidx.text.vPortEnableVFP), (8 bytes).
    Removing port.o(.text.prvPortStartFirstTask), (40 bytes).
    Removing port.o(.ARM.exidx.text.prvPortStartFirstTask), (8 bytes).
    Removing port.o(.text.vPortEndScheduler), (46 bytes).
    Removing port.o(.ARM.exidx.text.vPortEndScheduler), (8 bytes).
    Removing port.o(.text.vPortEnterCritical), (86 bytes).
    Removing port.o(.ARM.exidx.text.vPortEnterCritical), (8 bytes).
    Removing port.o(.text.vPortExitCritical), (74 bytes).
    Removing port.o(.ARM.exidx.text.vPortExitCritical), (8 bytes).
    Removing port.o(.ARM.exidx.text.PendSV_Handler), (8 bytes).
    Removing port.o(.ARM.exidx.text.SysTick_Handler), (8 bytes).
    Removing port.o(.text.vPortSuppressTicksAndSleep), (544 bytes).
    Removing port.o(.ARM.exidx.text.vPortSuppressTicksAndSleep), (8 bytes).
    Removing port.o(.text.vPortValidateInterruptPriority), (132 bytes).
    Removing port.o(.ARM.exidx.text.vPortValidateInterruptPriority), (8 bytes).
    Removing port.o(.bss.ucMaxSysCallPriority), (1 bytes).
    Removing port.o(.bss.ulMaxPRIGROUPValue), (4 bytes).
    Removing port.o(.data.uxCriticalNesting), (4 bytes).
    Removing port.o(.bss.xMaximumPossibleSuppressedTicks), (4 bytes).
    Removing port.o(.bss.ulTimerCountsForOneTick), (4 bytes).
    Removing port.o(.bss.ulStoppedTimerCompensation), (4 bytes).
    Removing heap_1.o(.text), (0 bytes).
    Removing heap_1.o(.text.pvPortMalloc), (192 bytes).
    Removing heap_1.o(.ARM.exidx.text.pvPortMalloc), (8 bytes).
    Removing heap_1.o(.text.vPortFree), (36 bytes).
    Removing heap_1.o(.ARM.exidx.text.vPortFree), (8 bytes).
    Removing heap_1.o(.text.vPortInitialiseBlocks), (14 bytes).
    Removing heap_1.o(.ARM.exidx.text.vPortInitialiseBlocks), (8 bytes).
    Removing heap_1.o(.text.xPortGetFreeHeapSize), (18 bytes).
    Removing heap_1.o(.ARM.exidx.text.xPortGetFreeHeapSize), (8 bytes).
    Removing heap_1.o(.bss.pvPortMalloc.pucAlignedHeap), (4 bytes).
    Removing heap_1.o(.bss.ucHeap), (4096 bytes).
    Removing heap_1.o(.bss.xNextFreeByte), (4 bytes).
    Removing queue.o(.text), (0 bytes).
    Removing queue.o(.text.xQueueGenericReset), (264 bytes).
    Removing queue.o(.ARM.exidx.text.xQueueGenericReset), (8 bytes).
    Removing queue.o(.text.xQueueGenericCreate), (154 bytes).
    Removing queue.o(.ARM.exidx.text.xQueueGenericCreate), (8 bytes).
    Removing queue.o(.text.prvInitialiseNewQueue), (78 bytes).
    Removing queue.o(.ARM.exidx.text.prvInitialiseNewQueue), (8 bytes).
    Removing queue.o(.text.xQueueCreateMutex), (38 bytes).
    Removing queue.o(.ARM.exidx.text.xQueueCreateMutex), (8 bytes).
    Removing queue.o(.text.prvInitialiseMutex), (44 bytes).
    Removing queue.o(.ARM.exidx.text.prvInitialiseMutex), (8 bytes).
    Removing queue.o(.text.xQueueGetMutexHolder), (74 bytes).
    Removing queue.o(.ARM.exidx.text.xQueueGetMutexHolder), (8 bytes).
    Removing queue.o(.text.xQueueGetMutexHolderFromISR), (60 bytes).
    Removing queue.o(.ARM.exidx.text.xQueueGetMutexHolderFromISR), (8 bytes).
    Removing queue.o(.text.xQueueGiveMutexRecursive), (108 bytes).
    Removing queue.o(.ARM.exidx.text.xQueueGiveMutexRecursive), (8 bytes).
    Removing queue.o(.text.xQueueGenericSend), (628 bytes).
    Removing queue.o(.ARM.exidx.text.xQueueGenericSend), (8 bytes).
    Removing queue.o(.text.xQueueTakeMutexRecursive), (110 bytes).
    Removing queue.o(.ARM.exidx.text.xQueueTakeMutexRecursive), (8 bytes).
    Removing queue.o(.text.xQueueSemaphoreTake), (528 bytes).
    Removing queue.o(.ARM.exidx.text.xQueueSemaphoreTake), (8 bytes).
    Removing queue.o(.text.xQueueCreateCountingSemaphore), (94 bytes).
    Removing queue.o(.ARM.exidx.text.xQueueCreateCountingSemaphore), (8 bytes).
    Removing queue.o(.text.prvCopyDataToQueue), (204 bytes).
    Removing queue.o(.ARM.exidx.text.prvCopyDataToQueue), (8 bytes).
    Removing queue.o(.text.prvNotifyQueueSetContainer), (236 bytes).
    Removing queue.o(.ARM.exidx.text.prvNotifyQueueSetContainer), (8 bytes).
    Removing queue.o(.text.prvIsQueueFull), (46 bytes).
    Removing queue.o(.ARM.exidx.text.prvIsQueueFull), (8 bytes).
    Removing queue.o(.text.prvUnlockQueue), (204 bytes).
    Removing queue.o(.ARM.exidx.text.prvUnlockQueue), (8 bytes).
    Removing queue.o(.text.xQueueGenericSendFromISR), (444 bytes).
    Removing queue.o(.ARM.exidx.text.xQueueGenericSendFromISR), (8 bytes).
    Removing queue.o(.text.xQueueGiveFromISR), (386 bytes).
    Removing queue.o(.ARM.exidx.text.xQueueGiveFromISR), (8 bytes).
    Removing queue.o(.text.xQueueReceive), (476 bytes).
    Removing queue.o(.ARM.exidx.text.xQueueReceive), (8 bytes).
    Removing queue.o(.text.prvCopyDataFromQueue), (66 bytes).
    Removing queue.o(.ARM.exidx.text.prvCopyDataFromQueue), (8 bytes).
    Removing queue.o(.text.prvIsQueueEmpty), (40 bytes).
    Removing queue.o(.ARM.exidx.text.prvIsQueueEmpty), (8 bytes).
    Removing queue.o(.text.prvGetDisinheritPriorityAfterTimeout), (38 bytes).
    Removing queue.o(.ARM.exidx.text.prvGetDisinheritPriorityAfterTimeout), (8 bytes).
    Removing queue.o(.text.xQueuePeek), (480 bytes).
    Removing queue.o(.ARM.exidx.text.xQueuePeek), (8 bytes).
    Removing queue.o(.text.xQueueReceiveFromISR), (318 bytes).
    Removing queue.o(.ARM.exidx.text.xQueueReceiveFromISR), (8 bytes).
    Removing queue.o(.text.xQueuePeekFromISR), (212 bytes).
    Removing queue.o(.ARM.exidx.text.xQueuePeekFromISR), (8 bytes).
    Removing queue.o(.text.uxQueueMessagesWaiting), (54 bytes).
    Removing queue.o(.ARM.exidx.text.uxQueueMessagesWaiting), (8 bytes).
    Removing queue.o(.text.uxQueueSpacesAvailable), (62 bytes).
    Removing queue.o(.ARM.exidx.text.uxQueueSpacesAvailable), (8 bytes).
    Removing queue.o(.text.uxQueueMessagesWaitingFromISR), (48 bytes).
    Removing queue.o(.ARM.exidx.text.uxQueueMessagesWaitingFromISR), (8 bytes).
    Removing queue.o(.text.vQueueDelete), (48 bytes).
    Removing queue.o(.ARM.exidx.text.vQueueDelete), (8 bytes).
    Removing queue.o(.text.uxQueueGetQueueNumber), (12 bytes).
    Removing queue.o(.ARM.exidx.text.uxQueueGetQueueNumber), (8 bytes).
    Removing queue.o(.text.vQueueSetQueueNumber), (16 bytes).
    Removing queue.o(.ARM.exidx.text.vQueueSetQueueNumber), (8 bytes).
    Removing queue.o(.text.ucQueueGetQueueType), (14 bytes).
    Removing queue.o(.ARM.exidx.text.ucQueueGetQueueType), (8 bytes).
    Removing queue.o(.text.xQueueIsQueueEmptyFromISR), (62 bytes).
    Removing queue.o(.ARM.exidx.text.xQueueIsQueueEmptyFromISR), (8 bytes).
    Removing queue.o(.text.xQueueIsQueueFullFromISR), (68 bytes).
    Removing queue.o(.ARM.exidx.text.xQueueIsQueueFullFromISR), (8 bytes).
    Removing queue.o(.text.vQueueWaitForMessageRestricted), (100 bytes).
    Removing queue.o(.ARM.exidx.text.vQueueWaitForMessageRestricted), (8 bytes).
    Removing queue.o(.text.xQueueCreateSet), (24 bytes).
    Removing queue.o(.ARM.exidx.text.xQueueCreateSet), (8 bytes).
    Removing queue.o(.text.xQueueAddToSet), (64 bytes).
    Removing queue.o(.ARM.exidx.text.xQueueAddToSet), (8 bytes).
    Removing queue.o(.text.xQueueRemoveFromSet), (72 bytes).
    Removing queue.o(.ARM.exidx.text.xQueueRemoveFromSet), (8 bytes).
    Removing queue.o(.text.xQueueSelectFromSet), (28 bytes).
    Removing queue.o(.ARM.exidx.text.xQueueSelectFromSet), (8 bytes).
    Removing queue.o(.text.xQueueSelectFromSetFromISR), (24 bytes).
    Removing queue.o(.ARM.exidx.text.xQueueSelectFromSetFromISR), (8 bytes).
    Removing tasks.o(.text), (0 bytes).
    Removing tasks.o(.text.xTaskCreate), (160 bytes).
    Removing tasks.o(.ARM.exidx.text.xTaskCreate), (8 bytes).
    Removing tasks.o(.text.prvInitialiseNewTask), (292 bytes).
    Removing tasks.o(.ARM.exidx.text.prvInitialiseNewTask), (8 bytes).
    Removing tasks.o(.text.prvAddNewTaskToReadyList), (340 bytes).
    Removing tasks.o(.ARM.exidx.text.prvAddNewTaskToReadyList), (8 bytes).
    Removing tasks.o(.text.vTaskDelete), (340 bytes).
    Removing tasks.o(.ARM.exidx.text.vTaskDelete), (8 bytes).
    Removing tasks.o(.ARM.exidx.text.prvResetNextTaskUnblockTime), (8 bytes).
    Removing tasks.o(.text.prvDeleteTCB), (24 bytes).
    Removing tasks.o(.ARM.exidx.text.prvDeleteTCB), (8 bytes).
    Removing tasks.o(.text.xTaskDelayUntil), (278 bytes).
    Removing tasks.o(.ARM.exidx.text.xTaskDelayUntil), (8 bytes).
    Removing tasks.o(.text.vTaskSuspendAll), (16 bytes).
    Removing tasks.o(.ARM.exidx.text.vTaskSuspendAll), (8 bytes).
    Removing tasks.o(.text.prvAddCurrentTaskToDelayedList), (290 bytes).
    Removing tasks.o(.ARM.exidx.text.prvAddCurrentTaskToDelayedList), (8 bytes).
    Removing tasks.o(.text.xTaskResumeAll), (546 bytes).
    Removing tasks.o(.ARM.exidx.text.xTaskResumeAll), (8 bytes).
    Removing tasks.o(.text.vTaskDelay), (110 bytes).
    Removing tasks.o(.ARM.exidx.text.vTaskDelay), (8 bytes).
    Removing tasks.o(.text.eTaskGetState), (272 bytes).
    Removing tasks.o(.ARM.exidx.text.eTaskGetState), (8 bytes).
    Removing tasks.o(.text.uxTaskPriorityGet), (56 bytes).
    Removing tasks.o(.ARM.exidx.text.uxTaskPriorityGet), (8 bytes).
    Removing tasks.o(.text.uxTaskPriorityGetFromISR), (90 bytes).
    Removing tasks.o(.ARM.exidx.text.uxTaskPriorityGetFromISR), (8 bytes).
    Removing tasks.o(.text.vTaskPrioritySet), (484 bytes).
    Removing tasks.o(.ARM.exidx.text.vTaskPrioritySet), (8 bytes).
    Removing tasks.o(.text.vTaskSuspend), (378 bytes).
    Removing tasks.o(.ARM.exidx.text.vTaskSuspend), (8 bytes).
    Removing tasks.o(.ARM.exidx.text.vTaskSwitchContext), (8 bytes).
    Removing tasks.o(.text.vTaskResume), (264 bytes).
    Removing tasks.o(.ARM.exidx.text.vTaskResume), (8 bytes).
    Removing tasks.o(.text.prvTaskIsTaskSuspended), (106 bytes).
    Removing tasks.o(.ARM.exidx.text.prvTaskIsTaskSuspended), (8 bytes).
    Removing tasks.o(.text.xTaskResumeFromISR), (304 bytes).
    Removing tasks.o(.ARM.exidx.text.xTaskResumeFromISR), (8 bytes).
    Removing tasks.o(.text.vTaskStartScheduler), (178 bytes).
    Removing tasks.o(.ARM.exidx.text.vTaskStartScheduler), (8 bytes).
    Removing tasks.o(.text.prvIdleTask), (154 bytes).
    Removing tasks.o(.ARM.exidx.text.prvIdleTask), (8 bytes).
    Removing tasks.o(.text.vTaskEndScheduler), (42 bytes).
    Removing tasks.o(.ARM.exidx.text.vTaskEndScheduler), (8 bytes).
    Removing tasks.o(.ARM.exidx.text.xTaskIncrementTick), (8 bytes).
    Removing tasks.o(.text.xTaskGetTickCount), (20 bytes).
    Removing tasks.o(.ARM.exidx.text.xTaskGetTickCount), (8 bytes).
    Removing tasks.o(.text.xTaskGetTickCountFromISR), (30 bytes).
    Removing tasks.o(.ARM.exidx.text.xTaskGetTickCountFromISR), (8 bytes).
    Removing tasks.o(.text.uxTaskGetNumberOfTasks), (12 bytes).
    Removing tasks.o(.ARM.exidx.text.uxTaskGetNumberOfTasks), (8 bytes).
    Removing tasks.o(.text.pcTaskGetName), (70 bytes).
    Removing tasks.o(.ARM.exidx.text.pcTaskGetName), (8 bytes).
    Removing tasks.o(.text.xTaskGetHandle), (210 bytes).
    Removing tasks.o(.ARM.exidx.text.xTaskGetHandle), (8 bytes).
    Removing tasks.o(.text.prvSearchForNameWithinSingleList), (228 bytes).
    Removing tasks.o(.ARM.exidx.text.prvSearchForNameWithinSingleList), (8 bytes).
    Removing tasks.o(.text.uxTaskGetSystemState), (272 bytes).
    Removing tasks.o(.ARM.exidx.text.uxTaskGetSystemState), (8 bytes).
    Removing tasks.o(.text.prvListTasksWithinSingleList), (164 bytes).
    Removing tasks.o(.ARM.exidx.text.prvListTasksWithinSingleList), (8 bytes).
    Removing tasks.o(.text.xTaskGetIdleTaskHandle), (52 bytes).
    Removing tasks.o(.ARM.exidx.text.xTaskGetIdleTaskHandle), (8 bytes).
    Removing tasks.o(.text.vTaskStepTick), (204 bytes).
    Removing tasks.o(.ARM.exidx.text.vTaskStepTick), (8 bytes).
    Removing tasks.o(.text.xTaskCatchUpTicks), (82 bytes).
    Removing tasks.o(.ARM.exidx.text.xTaskCatchUpTicks), (8 bytes).
    Removing tasks.o(.text.xTaskAbortDelay), (270 bytes).
    Removing tasks.o(.ARM.exidx.text.xTaskAbortDelay), (8 bytes).
    Removing tasks.o(.text.vTaskPlaceOnEventList), (66 bytes).
    Removing tasks.o(.ARM.exidx.text.vTaskPlaceOnEventList), (8 bytes).
    Removing tasks.o(.text.vTaskPlaceOnUnorderedEventList), (156 bytes).
    Removing tasks.o(.ARM.exidx.text.vTaskPlaceOnUnorderedEventList), (8 bytes).
    Removing tasks.o(.text.vTaskPlaceOnEventListRestricted), (124 bytes).
    Removing tasks.o(.ARM.exidx.text.vTaskPlaceOnEventListRestricted), (8 bytes).
    Removing tasks.o(.text.xTaskRemoveFromEventList), (402 bytes).
    Removing tasks.o(.ARM.exidx.text.xTaskRemoveFromEventList), (8 bytes).
    Removing tasks.o(.text.vTaskRemoveFromUnorderedEventList), (362 bytes).
    Removing tasks.o(.ARM.exidx.text.vTaskRemoveFromUnorderedEventList), (8 bytes).
    Removing tasks.o(.text.vTaskSetTimeOutState), (74 bytes).
    Removing tasks.o(.ARM.exidx.text.vTaskSetTimeOutState), (8 bytes).
    Removing tasks.o(.text.vTaskInternalSetTimeOutState), (36 bytes).
    Removing tasks.o(.ARM.exidx.text.vTaskInternalSetTimeOutState), (8 bytes).
    Removing tasks.o(.text.xTaskCheckForTimeOut), (252 bytes).
    Removing tasks.o(.ARM.exidx.text.xTaskCheckForTimeOut), (8 bytes).
    Removing tasks.o(.text.vTaskMissedYield), (14 bytes).
    Removing tasks.o(.ARM.exidx.text.vTaskMissedYield), (8 bytes).
    Removing tasks.o(.text.uxTaskGetTaskNumber), (34 bytes).
    Removing tasks.o(.ARM.exidx.text.uxTaskGetTaskNumber), (8 bytes).
    Removing tasks.o(.text.vTaskSetTaskNumber), (28 bytes).
    Removing tasks.o(.ARM.exidx.text.vTaskSetTaskNumber), (8 bytes).
    Removing tasks.o(.text.eTaskConfirmSleepModeStatus), (128 bytes).
    Removing tasks.o(.ARM.exidx.text.eTaskConfirmSleepModeStatus), (8 bytes).
    Removing tasks.o(.text.vTaskGetInfo), (224 bytes).
    Removing tasks.o(.ARM.exidx.text.vTaskGetInfo), (8 bytes).
    Removing tasks.o(.text.prvTaskCheckFreeStackSpace), (48 bytes).
    Removing tasks.o(.ARM.exidx.text.prvTaskCheckFreeStackSpace), (8 bytes).
    Removing tasks.o(.text.uxTaskGetStackHighWaterMark2), (60 bytes).
    Removing tasks.o(.ARM.exidx.text.uxTaskGetStackHighWaterMark2), (8 bytes).
    Removing tasks.o(.text.uxTaskGetStackHighWaterMark), (56 bytes).
    Removing tasks.o(.ARM.exidx.text.uxTaskGetStackHighWaterMark), (8 bytes).
    Removing tasks.o(.text.xTaskGetCurrentTaskHandle), (20 bytes).
    Removing tasks.o(.ARM.exidx.text.xTaskGetCurrentTaskHandle), (8 bytes).
    Removing tasks.o(.text.xTaskGetSchedulerState), (56 bytes).
    Removing tasks.o(.ARM.exidx.text.xTaskGetSchedulerState), (8 bytes).
    Removing tasks.o(.text.xTaskPriorityInherit), (348 bytes).
    Removing tasks.o(.ARM.exidx.text.xTaskPriorityInherit), (8 bytes).
    Removing tasks.o(.text.xTaskPriorityDisinherit), (312 bytes).
    Removing tasks.o(.ARM.exidx.text.xTaskPriorityDisinherit), (8 bytes).
    Removing tasks.o(.text.vTaskPriorityDisinheritAfterTimeout), (386 bytes).
    Removing tasks.o(.ARM.exidx.text.vTaskPriorityDisinheritAfterTimeout), (8 bytes).
    Removing tasks.o(.text.uxTaskResetEventItemValue), (34 bytes).
    Removing tasks.o(.ARM.exidx.text.uxTaskResetEventItemValue), (8 bytes).
    Removing tasks.o(.text.pvTaskIncrementMutexHeldCount), (44 bytes).
    Removing tasks.o(.ARM.exidx.text.pvTaskIncrementMutexHeldCount), (8 bytes).
    Removing tasks.o(.text.ulTaskGenericNotifyTake), (248 bytes).
    Removing tasks.o(.ARM.exidx.text.ulTaskGenericNotifyTake), (8 bytes).
    Removing tasks.o(.text.xTaskGenericNotifyWait), (280 bytes).
    Removing tasks.o(.ARM.exidx.text.xTaskGenericNotifyWait), (8 bytes).
    Removing tasks.o(.text.xTaskGenericNotify), (558 bytes).
    Removing tasks.o(.ARM.exidx.text.xTaskGenericNotify), (8 bytes).
    Removing tasks.o(.text.xTaskGenericNotifyFromISR), (668 bytes).
    Removing tasks.o(.ARM.exidx.text.xTaskGenericNotifyFromISR), (8 bytes).
    Removing tasks.o(.text.vTaskGenericNotifyGiveFromISR), (498 bytes).
    Removing tasks.o(.ARM.exidx.text.vTaskGenericNotifyGiveFromISR), (8 bytes).
    Removing tasks.o(.text.xTaskGenericNotifyStateClear), (120 bytes).
    Removing tasks.o(.ARM.exidx.text.xTaskGenericNotifyStateClear), (8 bytes).
    Removing tasks.o(.text.ulTaskGenericNotifyValueClear), (82 bytes).
    Removing tasks.o(.ARM.exidx.text.ulTaskGenericNotifyValueClear), (8 bytes).
    Removing tasks.o(.text.prvInitialiseTaskLists), (142 bytes).
    Removing tasks.o(.ARM.exidx.text.prvInitialiseTaskLists), (8 bytes).
    Removing tasks.o(.text.prvCheckTasksWaitingTermination), (90 bytes).
    Removing tasks.o(.ARM.exidx.text.prvCheckTasksWaitingTermination), (8 bytes).
    Removing tasks.o(.text.prvGetExpectedIdleTime), (124 bytes).
    Removing tasks.o(.ARM.exidx.text.prvGetExpectedIdleTime), (8 bytes).
    Removing tasks.o(.rodata.uxTopUsedPriority), (4 bytes).
    Removing tasks.o(.bss.uxTaskNumber), (4 bytes).
    Removing tasks.o(.bss.xTasksWaitingTermination), (20 bytes).
    Removing tasks.o(.bss.uxDeletedTasksWaitingCleanUp), (4 bytes).
    Removing tasks.o(.bss.uxCurrentNumberOfTasks), (4 bytes).
    Removing tasks.o(.bss.xSchedulerRunning), (4 bytes).
    Removing tasks.o(.bss.xSuspendedTaskList), (20 bytes).
    Removing tasks.o(.bss.xPendingReadyList), (20 bytes).
    Removing tasks.o(.rodata.str1.1), (5 bytes).
    Removing tasks.o(.bss.xIdleTaskHandle), (4 bytes).
    Removing tasks.o(.bss.xDelayedTaskList1), (20 bytes).
    Removing tasks.o(.bss.xDelayedTaskList2), (20 bytes).
    Removing timers.o(.text), (0 bytes).
    Removing timers.o(.text.xTimerCreateTimerTask), (106 bytes).
    Removing timers.o(.ARM.exidx.text.xTimerCreateTimerTask), (8 bytes).
    Removing timers.o(.text.prvCheckForValidListAndQueue), (106 bytes).
    Removing timers.o(.ARM.exidx.text.prvCheckForValidListAndQueue), (8 bytes).
    Removing timers.o(.text.prvTimerTask), (30 bytes).
    Removing timers.o(.ARM.exidx.text.prvTimerTask), (8 bytes).
    Removing timers.o(.text.xTimerCreate), (74 bytes).
    Removing timers.o(.ARM.exidx.text.xTimerCreate), (8 bytes).
    Removing timers.o(.text.prvInitialiseNewTimer), (110 bytes).
    Removing timers.o(.ARM.exidx.text.prvInitialiseNewTimer), (8 bytes).
    Removing timers.o(.text.xTimerGenericCommand), (176 bytes).
    Removing timers.o(.ARM.exidx.text.xTimerGenericCommand), (8 bytes).
    Removing timers.o(.text.xTimerGetTimerDaemonTaskHandle), (52 bytes).
    Removing timers.o(.ARM.exidx.text.xTimerGetTimerDaemonTaskHandle), (8 bytes).
    Removing timers.o(.text.xTimerGetPeriod), (44 bytes).
    Removing timers.o(.ARM.exidx.text.xTimerGetPeriod), (8 bytes).
    Removing timers.o(.text.vTimerSetReloadMode), (90 bytes).
    Removing timers.o(.ARM.exidx.text.vTimerSetReloadMode), (8 bytes).
    Removing timers.o(.text.xTimerGetReloadMode), (78 bytes).
    Removing timers.o(.ARM.exidx.text.xTimerGetReloadMode), (8 bytes).
    Removing timers.o(.text.uxTimerGetReloadMode), (16 bytes).
    Removing timers.o(.ARM.exidx.text.uxTimerGetReloadMode), (8 bytes).
    Removing timers.o(.text.xTimerGetExpiryTime), (48 bytes).
    Removing timers.o(.ARM.exidx.text.xTimerGetExpiryTime), (8 bytes).
    Removing timers.o(.text.pcTimerGetName), (44 bytes).
    Removing timers.o(.ARM.exidx.text.pcTimerGetName), (8 bytes).
    Removing timers.o(.text.xTimerIsTimerActive), (76 bytes).
    Removing timers.o(.ARM.exidx.text.xTimerIsTimerActive), (8 bytes).
    Removing timers.o(.text.pvTimerGetTimerID), (58 bytes).
    Removing timers.o(.ARM.exidx.text.pvTimerGetTimerID), (8 bytes).
    Removing timers.o(.text.vTimerSetTimerID), (58 bytes).
    Removing timers.o(.ARM.exidx.text.vTimerSetTimerID), (8 bytes).
    Removing timers.o(.text.xTimerPendFunctionCallFromISR), (58 bytes).
    Removing timers.o(.ARM.exidx.text.xTimerPendFunctionCallFromISR), (8 bytes).
    Removing timers.o(.text.xTimerPendFunctionCall), (94 bytes).
    Removing timers.o(.ARM.exidx.text.xTimerPendFunctionCall), (8 bytes).
    Removing timers.o(.text.uxTimerGetTimerNumber), (12 bytes).
    Removing timers.o(.ARM.exidx.text.uxTimerGetTimerNumber), (8 bytes).
    Removing timers.o(.text.vTimerSetTimerNumber), (16 bytes).
    Removing timers.o(.ARM.exidx.text.vTimerSetTimerNumber), (8 bytes).
    Removing timers.o(.text.prvGetNextExpireTime), (64 bytes).
    Removing timers.o(.ARM.exidx.text.prvGetNextExpireTime), (8 bytes).
    Removing timers.o(.text.prvProcessTimerOrBlockTask), (154 bytes).
    Removing timers.o(.ARM.exidx.text.prvProcessTimerOrBlockTask), (8 bytes).
    Removing timers.o(.text.prvProcessReceivedCommands), (384 bytes).
    Removing timers.o(.ARM.exidx.text.prvProcessReceivedCommands), (8 bytes).
    Removing timers.o(.text.prvSampleTimeNow), (68 bytes).
    Removing timers.o(.ARM.exidx.text.prvSampleTimeNow), (8 bytes).
    Removing timers.o(.text.prvProcessExpiredTimer), (84 bytes).
    Removing timers.o(.ARM.exidx.text.prvProcessExpiredTimer), (8 bytes).
    Removing timers.o(.text.prvSwitchTimerLists), (82 bytes).
    Removing timers.o(.ARM.exidx.text.prvSwitchTimerLists), (8 bytes).
    Removing timers.o(.text.prvReloadTimer), (52 bytes).
    Removing timers.o(.ARM.exidx.text.prvReloadTimer), (8 bytes).
    Removing timers.o(.text.prvInsertTimerInActiveList), (134 bytes).
    Removing timers.o(.ARM.exidx.text.prvInsertTimerInActiveList), (8 bytes).
    Removing timers.o(.bss.xTimerQueue), (4 bytes).
    Removing timers.o(.rodata.str1.1), (8 bytes).
    Removing timers.o(.bss.xTimerTaskHandle), (4 bytes).
    Removing timers.o(.bss.pxCurrentTimerList), (4 bytes).
    Removing timers.o(.bss.pxOverflowTimerList), (4 bytes).
    Removing timers.o(.bss.prvSampleTimeNow.xLastTime), (4 bytes).
    Removing timers.o(.bss.xActiveTimerList1), (20 bytes).
    Removing timers.o(.bss.xActiveTimerList2), (20 bytes).

367 unused section(s) (total 29350 bytes) removed from the image.

==============================================================================

Image Symbol Table

    Local Symbols

    Symbol Name                              Value     Ov Type        Size  Object(Section)

    ../clib/angel/boardlib.s                 0x00000000   Number         0  boardinit1.o ABSOLUTE
    ../clib/angel/boardlib.s                 0x00000000   Number         0  boardinit2.o ABSOLUTE
    ../clib/angel/boardlib.s                 0x00000000   Number         0  boardinit3.o ABSOLUTE
    ../clib/angel/boardlib.s                 0x00000000   Number         0  boardshut.o ABSOLUTE
    ../clib/angel/handlers.s                 0x00000000   Number         0  __scatter_zi.o ABSOLUTE
    ../clib/angel/kernel.s                   0x00000000   Number         0  __rtentry.o ABSOLUTE
    ../clib/angel/kernel.s                   0x00000000   Number         0  __rtentry2.o ABSOLUTE
    ../clib/angel/kernel.s                   0x00000000   Number         0  __rtentry4.o ABSOLUTE
    ../clib/angel/kernel.s                   0x00000000   Number         0  rtexit.o ABSOLUTE
    ../clib/angel/kernel.s                   0x00000000   Number         0  rtexit2.o ABSOLUTE
    ../clib/angel/rt.s                       0x00000000   Number         0  rt_raise.o ABSOLUTE
    ../clib/angel/scatter.s                  0x00000000   Number         0  __scatter.o ABSOLUTE
    ../clib/angel/startup.s                  0x00000000   Number         0  __main.o ABSOLUTE
    ../clib/angel/sys.s                      0x00000000   Number         0  sys_stackheap_outer.o ABSOLUTE
    ../clib/angel/sys.s                      0x00000000   Number         0  libspace.o ABSOLUTE
    ../clib/angel/sys.s                      0x00000000   Number         0  use_no_semi.o ABSOLUTE
    ../clib/angel/sys.s                      0x00000000   Number         0  indicate_semi.o ABSOLUTE
    ../clib/angel/sysapp.c                   0x00000000   Number         0  sys_exit.o ABSOLUTE
    ../clib/angel/sysapp.c                   0x00000000   Number         0  sys_exit_hlt.o ABSOLUTE
    ../clib/angel/sysapp.c                   0x00000000   Number         0  sys_command.o ABSOLUTE
    ../clib/angel/sysapp.c                   0x00000000   Number         0  sys_command_hlt.o ABSOLUTE
    ../clib/angel/sysapp.c                   0x00000000   Number         0  sys_wrch.o ABSOLUTE
    ../clib/angel/sysapp.c                   0x00000000   Number         0  sys_wrch_hlt.o ABSOLUTE
    ../clib/armsys.c                         0x00000000   Number         0  argv_veneer.o ABSOLUTE
    ../clib/armsys.c                         0x00000000   Number         0  argv_veneer.o ABSOLUTE
    ../clib/armsys.c                         0x00000000   Number         0  _get_argv_nomalloc.o ABSOLUTE
    ../clib/armsys.c                         0x00000000   Number         0  no_argv.o ABSOLUTE
    ../clib/heapalloc.c                      0x00000000   Number         0  hrguard.o ABSOLUTE
    ../clib/heapaux.c                        0x00000000   Number         0  heapauxi.o ABSOLUTE
    ../clib/libinit.s                        0x00000000   Number         0  libinit.o ABSOLUTE
    ../clib/libinit.s                        0x00000000   Number         0  libinit2.o ABSOLUTE
    ../clib/libinit.s                        0x00000000   Number         0  libshutdown.o ABSOLUTE
    ../clib/libinit.s                        0x00000000   Number         0  libshutdown2.o ABSOLUTE
    ../clib/memcpset.s                       0x00000000   Number         0  rt_memcpy_v6.o ABSOLUTE
    ../clib/memcpset.s                       0x00000000   Number         0  aeabi_memset4.o ABSOLUTE
    ../clib/memcpset.s                       0x00000000   Number         0  rt_memclr.o ABSOLUTE
    ../clib/memcpset.s                       0x00000000   Number         0  rt_memcpy_w.o ABSOLUTE
    ../clib/memcpset.s                       0x00000000   Number         0  rt_memclr_w.o ABSOLUTE
    ../clib/signal.c                         0x00000000   Number         0  defsig_rtmem_outer.o ABSOLUTE
    ../clib/signal.c                         0x00000000   Number         0  defsig_rtmem_formal.o ABSOLUTE
    ../clib/signal.c                         0x00000000   Number         0  defsig_exit.o ABSOLUTE
    ../clib/signal.c                         0x00000000   Number         0  defsig_rtmem_inner.o ABSOLUTE
    ../clib/signal.c                         0x00000000   Number         0  __raise.o ABSOLUTE
    ../clib/signal.c                         0x00000000   Number         0  defsig_general.o ABSOLUTE
    ../clib/signal.c                         0x00000000   Number         0  defsig_abrt_inner.o ABSOLUTE
    ../clib/signal.c                         0x00000000   Number         0  defsig_fpe_inner.o ABSOLUTE
    ../clib/signal.c                         0x00000000   Number         0  defsig_rtred_inner.o ABSOLUTE
    ../clib/signal.c                         0x00000000   Number         0  defsig_stak_inner.o ABSOLUTE
    ../clib/signal.c                         0x00000000   Number         0  defsig_pvfn_inner.o ABSOLUTE
    ../clib/signal.c                         0x00000000   Number         0  defsig_cppl_inner.o ABSOLUTE
    ../clib/signal.c                         0x00000000   Number         0  defsig_segv_inner.o ABSOLUTE
    ../clib/signal.c                         0x00000000   Number         0  defsig_other.o ABSOLUTE
    ../clib/signal.s                         0x00000000   Number         0  defsig.o ABSOLUTE
    ../clib/stdlib.c                         0x00000000   Number         0  exit.o ABSOLUTE
    ../clib/string.c                         0x00000000   Number         0  strlen.o ABSOLUTE
    ../fplib/fpinit.s                        0x00000000   Number         0  fpinit.o ABSOLUTE
    RTE/Device/TM4C123GH6PM/startup_TM4C123.s 0x00000000   Number         0  startup_tm4c123.o ABSOLUTE
    UART.c                                   0x00000000   Number         0  uart.o ABSOLUTE
    dc.s                                     0x00000000   Number         0  dc.o ABSOLUTE
    freertos_evr.c                           0x00000000   Number         0  freertos_evr.o ABSOLUTE
    heap_1.c                                 0x00000000   Number         0  heap_1.o ABSOLUTE
    list.c                                   0x00000000   Number         0  list.o ABSOLUTE
    main.c                                   0x00000000   Number         0  main.o ABSOLUTE
    port.c                                   0x00000000   Number         0  port.o ABSOLUTE
    queue.c                                  0x00000000   Number         0  queue.o ABSOLUTE
    system_TM4C123.c                         0x00000000   Number         0  system_tm4c123.o ABSOLUTE
    tasks.c                                  0x00000000   Number         0  tasks.o ABSOLUTE
    timers.c                                 0x00000000   Number         0  timers.o ABSOLUTE
    RESET                                    0x00000000   Section      620  startup_tm4c123.o(RESET)
    !!!main                                  0x0000026c   Section        8  __main.o(!!!main)
    !!!scatter                               0x00000274   Section       92  __scatter.o(!!!scatter)
    !!handler_null                           0x000002d0   Section        2  __scatter.o(!!handler_null)
    !!handler_zi                             0x000002d4   Section       28  __scatter_zi.o(!!handler_zi)
    .ARM.Collect$$libinit$$00000000          0x000002f0   Section        2  libinit.o(.ARM.Collect$$libinit$$00000000)
    .ARM.Collect$$libinit$$00000001          0x000002f2   Section        4  libinit2.o(.ARM.Collect$$libinit$$00000001)
    .ARM.Collect$$libinit$$00000004          0x000002f6   Section        0  libinit2.o(.ARM.Collect$$libinit$$00000004)
    .ARM.Collect$$libinit$$00000006          0x000002f6   Section        0  libinit2.o(.ARM.Collect$$libinit$$00000006)
    .ARM.Collect$$libinit$$0000000C          0x000002f6   Section        0  libinit2.o(.ARM.Collect$$libinit$$0000000C)
    .ARM.Collect$$libinit$$0000000E          0x000002f6   Section        0  libinit2.o(.ARM.Collect$$libinit$$0000000E)
    .ARM.Collect$$libinit$$00000010          0x000002f6   Section        0  libinit2.o(.ARM.Collect$$libinit$$00000010)
    .ARM.Collect$$libinit$$00000013          0x000002f6   Section        0  libinit2.o(.ARM.Collect$$libinit$$00000013)
    .ARM.Collect$$libinit$$00000015          0x000002f6   Section        0  libinit2.o(.ARM.Collect$$libinit$$00000015)
    .ARM.Collect$$libinit$$00000017          0x000002f6   Section        0  libinit2.o(.ARM.Collect$$libinit$$00000017)
    .ARM.Collect$$libinit$$00000019          0x000002f6   Section        0  libinit2.o(.ARM.Collect$$libinit$$00000019)
    .ARM.Collect$$libinit$$0000001B          0x000002f6   Section        0  libinit2.o(.ARM.Collect$$libinit$$0000001B)
    .ARM.Collect$$libinit$$0000001D          0x000002f6   Section        0  libinit2.o(.ARM.Collect$$libinit$$0000001D)
    .ARM.Collect$$libinit$$0000001F          0x000002f6   Section        0  libinit2.o(.ARM.Collect$$libinit$$0000001F)
    .ARM.Collect$$libinit$$00000021          0x000002f6   Section        0  libinit2.o(.ARM.Collect$$libinit$$00000021)
    .ARM.Collect$$libinit$$00000023          0x000002f6   Section        0  libinit2.o(.ARM.Collect$$libinit$$00000023)
    .ARM.Collect$$libinit$$00000025          0x000002f6   Section        0  libinit2.o(.ARM.Collect$$libinit$$00000025)
    .ARM.Collect$$libinit$$00000027          0x000002f6   Section        0  libinit2.o(.ARM.Collect$$libinit$$00000027)
    .ARM.Collect$$libinit$$0000002E          0x000002f6   Section        0  libinit2.o(.ARM.Collect$$libinit$$0000002E)
    .ARM.Collect$$libinit$$00000030          0x000002f6   Section        0  libinit2.o(.ARM.Collect$$libinit$$00000030)
    .ARM.Collect$$libinit$$00000032          0x000002f6   Section        0  libinit2.o(.ARM.Collect$$libinit$$00000032)
    .ARM.Collect$$libinit$$00000034          0x000002f6   Section        0  libinit2.o(.ARM.Collect$$libinit$$00000034)
    .ARM.Collect$$libinit$$00000035          0x000002f6   Section        2  libinit2.o(.ARM.Collect$$libinit$$00000035)
    .ARM.Collect$$libshutdown$$00000000      0x000002f8   Section        2  libshutdown.o(.ARM.Collect$$libshutdown$$00000000)
    .ARM.Collect$$libshutdown$$00000002      0x000002fa   Section        0  libshutdown2.o(.ARM.Collect$$libshutdown$$00000002)
    .ARM.Collect$$libshutdown$$00000004      0x000002fa   Section        0  libshutdown2.o(.ARM.Collect$$libshutdown$$00000004)
    .ARM.Collect$$libshutdown$$00000007      0x000002fa   Section        0  libshutdown2.o(.ARM.Collect$$libshutdown$$00000007)
    .ARM.Collect$$libshutdown$$0000000A      0x000002fa   Section        0  libshutdown2.o(.ARM.Collect$$libshutdown$$0000000A)
    .ARM.Collect$$libshutdown$$0000000C      0x000002fa   Section        0  libshutdown2.o(.ARM.Collect$$libshutdown$$0000000C)
    .ARM.Collect$$libshutdown$$0000000F      0x000002fa   Section        0  libshutdown2.o(.ARM.Collect$$libshutdown$$0000000F)
    .ARM.Collect$$libshutdown$$00000010      0x000002fa   Section        2  libshutdown2.o(.ARM.Collect$$libshutdown$$00000010)
    .ARM.Collect$$rtentry$$00000000          0x000002fc   Section        0  __rtentry.o(.ARM.Collect$$rtentry$$00000000)
    .ARM.Collect$$rtentry$$00000002          0x000002fc   Section        0  __rtentry2.o(.ARM.Collect$$rtentry$$00000002)
    .ARM.Collect$$rtentry$$00000004          0x000002fc   Section        6  __rtentry4.o(.ARM.Collect$$rtentry$$00000004)
    .ARM.Collect$$rtentry$$00000009          0x00000302   Section        0  __rtentry2.o(.ARM.Collect$$rtentry$$00000009)
    .ARM.Collect$$rtentry$$0000000A          0x00000302   Section        4  __rtentry2.o(.ARM.Collect$$rtentry$$0000000A)
    .ARM.Collect$$rtentry$$0000000C          0x00000306   Section        0  __rtentry2.o(.ARM.Collect$$rtentry$$0000000C)
    .ARM.Collect$$rtentry$$0000000D          0x00000306   Section        8  __rtentry2.o(.ARM.Collect$$rtentry$$0000000D)
    .ARM.Collect$$rtexit$$00000000           0x0000030e   Section        2  rtexit.o(.ARM.Collect$$rtexit$$00000000)
    .ARM.Collect$$rtexit$$00000002           0x00000310   Section        0  rtexit2.o(.ARM.Collect$$rtexit$$00000002)
    .ARM.Collect$$rtexit$$00000003           0x00000310   Section        4  rtexit2.o(.ARM.Collect$$rtexit$$00000003)
    .ARM.Collect$$rtexit$$00000004           0x00000314   Section        6  rtexit2.o(.ARM.Collect$$rtexit$$00000004)
    $v0                                      0x0000031c   Number         0  startup_tm4c123.o(.text)
    .text                                    0x0000031c   Section      276  startup_tm4c123.o(.text)
    .text                                    0x00000430   Section        0  heapauxi.o(.text)
    .text                                    0x00000436   Section       74  sys_stackheap_outer.o(.text)
    .text                                    0x00000480   Section        0  exit.o(.text)
    .text                                    0x00000494   Section        8  libspace.o(.text)
    .text                                    0x0000049c   Section        0  sys_exit.o(.text)
    .text                                    0x000004a8   Section        2  use_no_semi.o(.text)
    .text                                    0x000004aa   Section        0  indicate_semi.o(.text)
    [Anonymous Symbol]                       0x000004ac   Section        0  uart.o(.text.Delay)
    [Anonymous Symbol]                       0x000004d0   Section        0  port.o(.text.PendSV_Handler)
    pxCurrentTCBConst                        0x00000530   Number         0  port.o(.text.PendSV_Handler)
    [Anonymous Symbol]                       0x00000540   Section        0  port.o(.text.SVC_Handler)
    pxCurrentTCBConst2                       0x00000560   Number         0  port.o(.text.SVC_Handler)
    [Anonymous Symbol]                       0x00000564   Section        0  port.o(.text.SysTick_Handler)
    [Anonymous Symbol]                       0x000005a0   Section        0  system_tm4c123.o(.text.SystemInit)
    [Anonymous Symbol]                       0x000005b4   Section        0  uart.o(.text.UART0_Transmitter)
    [Anonymous Symbol]                       0x000005e4   Section        0  uart.o(.text.UART_Init)
    [Anonymous Symbol]                       0x00000688   Section        0  main.o(.text.main)
    [Anonymous Symbol]                       0x000006ac   Section        0  uart.o(.text.printstring)
    prvResetNextTaskUnblockTime              0x000006d1   Thumb Code    60  tasks.o(.text.prvResetNextTaskUnblockTime)
    [Anonymous Symbol]                       0x000006d0   Section        0  tasks.o(.text.prvResetNextTaskUnblockTime)
    __tagsym$$used.0                         0x0000070c   Number         0  tasks.o(.text.vTaskSwitchContext)
    [Anonymous Symbol]                       0x0000070c   Section        0  tasks.o(.text.vTaskSwitchContext)
    [Anonymous Symbol]                       0x000007cc   Section        0  tasks.o(.text.xTaskIncrementTick)
    $v0                                      0x00000a2c   Number         0  fpinit.o(x$fpl$fpinit)
    x$fpl$fpinit                             0x00000a2c   Section       26  fpinit.o(x$fpl$fpinit)
    .L.str                                   0x00000a46   Data           5  main.o(.rodata.str1.1)
    [Anonymous Symbol]                       0x00000a46   Section        0  main.o(.rodata.str1.1)
    .bss                                     0x20000000   Section       96  libspace.o(.bss)
    __tagsym$$used.1                         0x20000060   Number         0  tasks.o(.bss.pxCurrentTCB)
    pxDelayedTaskList                        0x20000064   Data           4  tasks.o(.bss.pxDelayedTaskList)
    [Anonymous Symbol]                       0x20000064   Section        0  tasks.o(.bss.pxDelayedTaskList)
    pxOverflowDelayedTaskList                0x20000068   Data           4  tasks.o(.bss.pxOverflowDelayedTaskList)
    [Anonymous Symbol]                       0x20000068   Section        0  tasks.o(.bss.pxOverflowDelayedTaskList)
    pxReadyTasksLists                        0x2000006c   Data         100  tasks.o(.bss.pxReadyTasksLists)
    [Anonymous Symbol]                       0x2000006c   Section        0  tasks.o(.bss.pxReadyTasksLists)
    uxSchedulerSuspended                     0x200000d0   Data           4  tasks.o(.bss.uxSchedulerSuspended)
    [Anonymous Symbol]                       0x200000d0   Section        0  tasks.o(.bss.uxSchedulerSuspended)
    uxTopReadyPriority                       0x200000d4   Data           4  tasks.o(.bss.uxTopReadyPriority)
    [Anonymous Symbol]                       0x200000d4   Section        0  tasks.o(.bss.uxTopReadyPriority)
    xNextTaskUnblockTime                     0x200000d8   Data           4  tasks.o(.bss.xNextTaskUnblockTime)
    [Anonymous Symbol]                       0x200000d8   Section        0  tasks.o(.bss.xNextTaskUnblockTime)
    xNumOfOverflows                          0x200000dc   Data           4  tasks.o(.bss.xNumOfOverflows)
    [Anonymous Symbol]                       0x200000dc   Section        0  tasks.o(.bss.xNumOfOverflows)
    xPendedTicks                             0x200000e0   Data           4  tasks.o(.bss.xPendedTicks)
    [Anonymous Symbol]                       0x200000e0   Section        0  tasks.o(.bss.xPendedTicks)
    xTickCount                               0x200000e4   Data           4  tasks.o(.bss.xTickCount)
    [Anonymous Symbol]                       0x200000e4   Section        0  tasks.o(.bss.xTickCount)
    xYieldPending                            0x200000e8   Data           4  tasks.o(.bss.xYieldPending)
    [Anonymous Symbol]                       0x200000e8   Section        0  tasks.o(.bss.xYieldPending)
    Heap_Mem                                 0x200000f0   Data           0  startup_tm4c123.o(HEAP)
    Stack_Mem                                0x200000f0   Data         512  startup_tm4c123.o(STACK)
    HEAP                                     0x200000f0   Section        0  startup_tm4c123.o(HEAP)
    STACK                                    0x200000f0   Section      512  startup_tm4c123.o(STACK)
    __initial_sp                             0x200002f0   Data           0  startup_tm4c123.o(STACK)

    Global Symbols

    Symbol Name                              Value     Ov Type        Size  Object(Section)

    BuildAttributes$$THM_ISAv4$E$P$D$K$B$S$7EM$VFPi3$EXTD16$VFPS$VFMA$PE$A:L22UL41UL21$X:L11$S22US41US21$IEEE1$IW$~IW$USESV6$~STKCKD$USESV7$~SHL$OSPACE$ROPI$EBA8$UX$STANDARDLIB$REQ8$PRES8$EABIv2 0x00000000   Number         0  anon$$obj.o ABSOLUTE
    __Vectors                                0x00000000   Data           4  startup_tm4c123.o(RESET)
    __ARM_exceptions_init                     - Undefined Weak Reference
    __alloca_initialize                       - Undefined Weak Reference
    __arm_preinit_                            - Undefined Weak Reference
    __arm_relocate_pie_                       - Undefined Weak Reference
    __cpp_initialize__aeabi_                  - Undefined Weak Reference
    __cxa_finalize                            - Undefined Weak Reference
    __rt_locale                               - Undefined Weak Reference
    __sigvec_lookup                           - Undefined Weak Reference
    _atexit_init                              - Undefined Weak Reference
    _call_atexit_fns                          - Undefined Weak Reference
    _clock_init                               - Undefined Weak Reference
    _fp_trap_init                             - Undefined Weak Reference
    _fp_trap_shutdown                         - Undefined Weak Reference
    _get_lc_collate                           - Undefined Weak Reference
    _get_lc_ctype                             - Undefined Weak Reference
    _get_lc_monetary                          - Undefined Weak Reference
    _get_lc_numeric                           - Undefined Weak Reference
    _get_lc_time                              - Undefined Weak Reference
    _getenv_init                              - Undefined Weak Reference
    _handle_redirection                       - Undefined Weak Reference
    _init_alloc                               - Undefined Weak Reference
    _init_user_alloc                          - Undefined Weak Reference
    _initio                                   - Undefined Weak Reference
    _rand_init                                - Undefined Weak Reference
    _signal_finish                            - Undefined Weak Reference
    _signal_init                              - Undefined Weak Reference
    _terminate_alloc                          - Undefined Weak Reference
    _terminate_user_alloc                     - Undefined Weak Reference
    _terminateio                              - Undefined Weak Reference
    __Vectors_End                            0x0000026c   Data           0  startup_tm4c123.o(RESET)
    __Vectors_Size                           0x0000026c   Number         0  startup_tm4c123.o ABSOLUTE
    __main                                   0x0000026d   Thumb Code     8  __main.o(!!!main)
    __scatterload                            0x00000275   Thumb Code     0  __scatter.o(!!!scatter)
    __scatterload_rt2                        0x00000275   Thumb Code    84  __scatter.o(!!!scatter)
    __scatterload_rt2_thumb_only             0x00000275   Thumb Code     0  __scatter.o(!!!scatter)
    __scatterload_loop                       0x0000027f   Thumb Code     0  __scatter.o(!!!scatter)
    __scatterload_null                       0x000002d1   Thumb Code     2  __scatter.o(!!handler_null)
    __scatterload_zeroinit                   0x000002d5   Thumb Code    28  __scatter_zi.o(!!handler_zi)
    __rt_lib_init                            0x000002f1   Thumb Code     0  libinit.o(.ARM.Collect$$libinit$$00000000)
    __rt_lib_init_fp_1                       0x000002f3   Thumb Code     0  libinit2.o(.ARM.Collect$$libinit$$00000001)
    __rt_lib_init_alloca_1                   0x000002f7   Thumb Code     0  libinit2.o(.ARM.Collect$$libinit$$00000030)
    __rt_lib_init_argv_1                     0x000002f7   Thumb Code     0  libinit2.o(.ARM.Collect$$libinit$$0000002E)
    __rt_lib_init_atexit_1                   0x000002f7   Thumb Code     0  libinit2.o(.ARM.Collect$$libinit$$0000001D)
    __rt_lib_init_clock_1                    0x000002f7   Thumb Code     0  libinit2.o(.ARM.Collect$$libinit$$00000023)
    __rt_lib_init_cpp_1                      0x000002f7   Thumb Code     0  libinit2.o(.ARM.Collect$$libinit$$00000034)
    __rt_lib_init_exceptions_1               0x000002f7   Thumb Code     0  libinit2.o(.ARM.Collect$$libinit$$00000032)
    __rt_lib_init_fp_trap_1                  0x000002f7   Thumb Code     0  libinit2.o(.ARM.Collect$$libinit$$00000021)
    __rt_lib_init_getenv_1                   0x000002f7   Thumb Code     0  libinit2.o(.ARM.Collect$$libinit$$00000025)
    __rt_lib_init_heap_1                     0x000002f7   Thumb Code     0  libinit2.o(.ARM.Collect$$libinit$$0000000C)
    __rt_lib_init_lc_collate_1               0x000002f7   Thumb Code     0  libinit2.o(.ARM.Collect$$libinit$$00000013)
    __rt_lib_init_lc_ctype_1                 0x000002f7   Thumb Code     0  libinit2.o(.ARM.Collect$$libinit$$00000015)
    __rt_lib_init_lc_monetary_1              0x000002f7   Thumb Code     0  libinit2.o(.ARM.Collect$$libinit$$00000017)
    __rt_lib_init_lc_numeric_1               0x000002f7   Thumb Code     0  libinit2.o(.ARM.Collect$$libinit$$00000019)
    __rt_lib_init_lc_time_1                  0x000002f7   Thumb Code     0  libinit2.o(.ARM.Collect$$libinit$$0000001B)
    __rt_lib_init_preinit_1                  0x000002f7   Thumb Code     0  libinit2.o(.ARM.Collect$$libinit$$00000006)
    __rt_lib_init_rand_1                     0x000002f7   Thumb Code     0  libinit2.o(.ARM.Collect$$libinit$$00000010)
    __rt_lib_init_relocate_pie_1             0x000002f7   Thumb Code     0  libinit2.o(.ARM.Collect$$libinit$$00000004)
    __rt_lib_init_return                     0x000002f7   Thumb Code     0  libinit2.o(.ARM.Collect$$libinit$$00000035)
    __rt_lib_init_signal_1                   0x000002f7   Thumb Code     0  libinit2.o(.ARM.Collect$$libinit$$0000001F)
    __rt_lib_init_stdio_1                    0x000002f7   Thumb Code     0  libinit2.o(.ARM.Collect$$libinit$$00000027)
    __rt_lib_init_user_alloc_1               0x000002f7   Thumb Code     0  libinit2.o(.ARM.Collect$$libinit$$0000000E)
    __rt_lib_shutdown                        0x000002f9   Thumb Code     0  libshutdown.o(.ARM.Collect$$libshutdown$$00000000)
    __rt_lib_shutdown_cpp_1                  0x000002fb   Thumb Code     0  libshutdown2.o(.ARM.Collect$$libshutdown$$00000002)
    __rt_lib_shutdown_fp_trap_1              0x000002fb   Thumb Code     0  libshutdown2.o(.ARM.Collect$$libshutdown$$00000007)
    __rt_lib_shutdown_heap_1                 0x000002fb   Thumb Code     0  libshutdown2.o(.ARM.Collect$$libshutdown$$0000000F)
    __rt_lib_shutdown_return                 0x000002fb   Thumb Code     0  libshutdown2.o(.ARM.Collect$$libshutdown$$00000010)
    __rt_lib_shutdown_signal_1               0x000002fb   Thumb Code     0  libshutdown2.o(.ARM.Collect$$libshutdown$$0000000A)
    __rt_lib_shutdown_stdio_1                0x000002fb   Thumb Code     0  libshutdown2.o(.ARM.Collect$$libshutdown$$00000004)
    __rt_lib_shutdown_user_alloc_1           0x000002fb   Thumb Code     0  libshutdown2.o(.ARM.Collect$$libshutdown$$0000000C)
    __rt_entry                               0x000002fd   Thumb Code     0  __rtentry.o(.ARM.Collect$$rtentry$$00000000)
    __rt_entry_presh_1                       0x000002fd   Thumb Code     0  __rtentry2.o(.ARM.Collect$$rtentry$$00000002)
    __rt_entry_sh                            0x000002fd   Thumb Code     0  __rtentry4.o(.ARM.Collect$$rtentry$$00000004)
    __rt_entry_li                            0x00000303   Thumb Code     0  __rtentry2.o(.ARM.Collect$$rtentry$$0000000A)
    __rt_entry_postsh_1                      0x00000303   Thumb Code     0  __rtentry2.o(.ARM.Collect$$rtentry$$00000009)
    __rt_entry_main                          0x00000307   Thumb Code     0  __rtentry2.o(.ARM.Collect$$rtentry$$0000000D)
    __rt_entry_postli_1                      0x00000307   Thumb Code     0  __rtentry2.o(.ARM.Collect$$rtentry$$0000000C)
    __rt_exit                                0x0000030f   Thumb Code     0  rtexit.o(.ARM.Collect$$rtexit$$00000000)
    __rt_exit_ls                             0x00000311   Thumb Code     0  rtexit2.o(.ARM.Collect$$rtexit$$00000003)
    __rt_exit_prels_1                        0x00000311   Thumb Code     0  rtexit2.o(.ARM.Collect$$rtexit$$00000002)
    __rt_exit_exit                           0x00000315   Thumb Code     0  rtexit2.o(.ARM.Collect$$rtexit$$00000004)
    Reset_Handler                            0x0000031d   Thumb Code     8  startup_tm4c123.o(.text)
    NMI_Handler                              0x00000325   Thumb Code     2  startup_tm4c123.o(.text)
    HardFault_Handler                        0x00000327   Thumb Code     2  startup_tm4c123.o(.text)
    MemManage_Handler                        0x00000329   Thumb Code     2  startup_tm4c123.o(.text)
    BusFault_Handler                         0x0000032b   Thumb Code     2  startup_tm4c123.o(.text)
    UsageFault_Handler                       0x0000032d   Thumb Code     2  startup_tm4c123.o(.text)
    DebugMon_Handler                         0x00000331   Thumb Code     2  startup_tm4c123.o(.text)
    GPIOA_Handler                            0x00000337   Thumb Code     2  startup_tm4c123.o(.text)
    GPIOB_Handler                            0x00000339   Thumb Code     2  startup_tm4c123.o(.text)
    GPIOC_Handler                            0x0000033b   Thumb Code     2  startup_tm4c123.o(.text)
    GPIOD_Handler                            0x0000033d   Thumb Code     2  startup_tm4c123.o(.text)
    GPIOE_Handler                            0x0000033f   Thumb Code     2  startup_tm4c123.o(.text)
    UART0_Handler                            0x00000341   Thumb Code     2  startup_tm4c123.o(.text)
    UART1_Handler                            0x00000343   Thumb Code     2  startup_tm4c123.o(.text)
    SSI0_Handler                             0x00000345   Thumb Code     2  startup_tm4c123.o(.text)
    I2C0_Handler                             0x00000347   Thumb Code     2  startup_tm4c123.o(.text)
    PMW0_FAULT_Handler                       0x00000349   Thumb Code     2  startup_tm4c123.o(.text)
    PWM0_0_Handler                           0x0000034b   Thumb Code     2  startup_tm4c123.o(.text)
    PWM0_1_Handler                           0x0000034d   Thumb Code     2  startup_tm4c123.o(.text)
    PWM0_2_Handler                           0x0000034f   Thumb Code     2  startup_tm4c123.o(.text)
    QEI0_Handler                             0x00000351   Thumb Code     2  startup_tm4c123.o(.text)
    ADC0SS0_Handler                          0x00000353   Thumb Code     2  startup_tm4c123.o(.text)
    ADC0SS1_Handler                          0x00000355   Thumb Code     2  startup_tm4c123.o(.text)
    ADC0SS2_Handler                          0x00000357   Thumb Code     2  startup_tm4c123.o(.text)
    ADC0SS3_Handler                          0x00000359   Thumb Code     2  startup_tm4c123.o(.text)
    WDT0_Handler                             0x0000035b   Thumb Code     2  startup_tm4c123.o(.text)
    TIMER0A_Handler                          0x0000035d   Thumb Code     2  startup_tm4c123.o(.text)
    TIMER0B_Handler                          0x0000035f   Thumb Code     2  startup_tm4c123.o(.text)
    TIMER1A_Handler                          0x00000361   Thumb Code     2  startup_tm4c123.o(.text)
    TIMER1B_Handler                          0x00000363   Thumb Code     2  startup_tm4c123.o(.text)
    TIMER2A_Handler                          0x00000365   Thumb Code     2  startup_tm4c123.o(.text)
    TIMER2B_Handler                          0x00000367   Thumb Code     2  startup_tm4c123.o(.text)
    COMP0_Handler                            0x00000369   Thumb Code     2  startup_tm4c123.o(.text)
    COMP1_Handler                            0x0000036b   Thumb Code     2  startup_tm4c123.o(.text)
    COMP2_Handler                            0x0000036d   Thumb Code     2  startup_tm4c123.o(.text)
    SYSCTL_Handler                           0x0000036f   Thumb Code     2  startup_tm4c123.o(.text)
    FLASH_Handler                            0x00000371   Thumb Code     2  startup_tm4c123.o(.text)
    GPIOF_Handler                            0x00000373   Thumb Code     2  startup_tm4c123.o(.text)
    GPIOG_Handler                            0x00000375   Thumb Code     2  startup_tm4c123.o(.text)
    GPIOH_Handler                            0x00000377   Thumb Code     2  startup_tm4c123.o(.text)
    UART2_Handler                            0x00000379   Thumb Code     2  startup_tm4c123.o(.text)
    SSI1_Handler                             0x0000037b   Thumb Code     2  startup_tm4c123.o(.text)
    TIMER3A_Handler                          0x0000037d   Thumb Code     2  startup_tm4c123.o(.text)
    TIMER3B_Handler                          0x0000037f   Thumb Code     2  startup_tm4c123.o(.text)
    I2C1_Handler                             0x00000381   Thumb Code     2  startup_tm4c123.o(.text)
    QEI1_Handler                             0x00000383   Thumb Code     2  startup_tm4c123.o(.text)
    CAN0_Handler                             0x00000385   Thumb Code     2  startup_tm4c123.o(.text)
    CAN1_Handler                             0x00000387   Thumb Code     2  startup_tm4c123.o(.text)
    CAN2_Handler                             0x00000389   Thumb Code     2  startup_tm4c123.o(.text)
    HIB_Handler                              0x0000038b   Thumb Code     2  startup_tm4c123.o(.text)
    USB0_Handler                             0x0000038d   Thumb Code     2  startup_tm4c123.o(.text)
    PWM0_3_Handler                           0x0000038f   Thumb Code     2  startup_tm4c123.o(.text)
    UDMA_Handler                             0x00000391   Thumb Code     2  startup_tm4c123.o(.text)
    UDMAERR_Handler                          0x00000393   Thumb Code     2  startup_tm4c123.o(.text)
    ADC1SS0_Handler                          0x00000395   Thumb Code     2  startup_tm4c123.o(.text)
    ADC1SS1_Handler                          0x00000397   Thumb Code     2  startup_tm4c123.o(.text)
    ADC1SS2_Handler                          0x00000399   Thumb Code     2  startup_tm4c123.o(.text)
    ADC1SS3_Handler                          0x0000039b   Thumb Code     2  startup_tm4c123.o(.text)
    GPIOJ_Handler                            0x0000039d   Thumb Code     2  startup_tm4c123.o(.text)
    GPIOK_Handler                            0x0000039f   Thumb Code     2  startup_tm4c123.o(.text)
    GPIOL_Handler                            0x000003a1   Thumb Code     2  startup_tm4c123.o(.text)
    SSI2_Handler                             0x000003a3   Thumb Code     2  startup_tm4c123.o(.text)
    SSI3_Handler                             0x000003a5   Thumb Code     2  startup_tm4c123.o(.text)
    UART3_Handler                            0x000003a7   Thumb Code     2  startup_tm4c123.o(.text)
    UART4_Handler                            0x000003a9   Thumb Code     2  startup_tm4c123.o(.text)
    UART5_Handler                            0x000003ab   Thumb Code     2  startup_tm4c123.o(.text)
    UART6_Handler                            0x000003ad   Thumb Code     2  startup_tm4c123.o(.text)
    UART7_Handler                            0x000003af   Thumb Code     2  startup_tm4c123.o(.text)
    I2C2_Handler                             0x000003b1   Thumb Code     2  startup_tm4c123.o(.text)
    I2C3_Handler                             0x000003b3   Thumb Code     2  startup_tm4c123.o(.text)
    TIMER4A_Handler                          0x000003b5   Thumb Code     2  startup_tm4c123.o(.text)
    TIMER4B_Handler                          0x000003b7   Thumb Code     2  startup_tm4c123.o(.text)
    TIMER5A_Handler                          0x000003b9   Thumb Code     2  startup_tm4c123.o(.text)
    TIMER5B_Handler                          0x000003bb   Thumb Code     2  startup_tm4c123.o(.text)
    WTIMER0A_Handler                         0x000003bd   Thumb Code     2  startup_tm4c123.o(.text)
    WTIMER0B_Handler                         0x000003bf   Thumb Code     2  startup_tm4c123.o(.text)
    WTIMER1A_Handler                         0x000003c1   Thumb Code     2  startup_tm4c123.o(.text)
    WTIMER1B_Handler                         0x000003c3   Thumb Code     2  startup_tm4c123.o(.text)
    WTIMER2A_Handler                         0x000003c5   Thumb Code     2  startup_tm4c123.o(.text)
    WTIMER2B_Handler                         0x000003c7   Thumb Code     2  startup_tm4c123.o(.text)
    WTIMER3A_Handler                         0x000003c9   Thumb Code     2  startup_tm4c123.o(.text)
    WTIMER3B_Handler                         0x000003cb   Thumb Code     2  startup_tm4c123.o(.text)
    WTIMER4A_Handler                         0x000003cd   Thumb Code     2  startup_tm4c123.o(.text)
    WTIMER4B_Handler                         0x000003cf   Thumb Code     2  startup_tm4c123.o(.text)
    WTIMER5A_Handler                         0x000003d1   Thumb Code     2  startup_tm4c123.o(.text)
    WTIMER5B_Handler                         0x000003d3   Thumb Code     2  startup_tm4c123.o(.text)
    FPU_Handler                              0x000003d5   Thumb Code     2  startup_tm4c123.o(.text)
    I2C4_Handler                             0x000003d7   Thumb Code     2  startup_tm4c123.o(.text)
    I2C5_Handler                             0x000003d9   Thumb Code     2  startup_tm4c123.o(.text)
    GPIOM_Handler                            0x000003db   Thumb Code     2  startup_tm4c123.o(.text)
    GPION_Handler                            0x000003dd   Thumb Code     2  startup_tm4c123.o(.text)
    QEI2_Handler                             0x000003df   Thumb Code     2  startup_tm4c123.o(.text)
    GPIOP0_Handler                           0x000003e1   Thumb Code     2  startup_tm4c123.o(.text)
    GPIOP1_Handler                           0x000003e3   Thumb Code     2  startup_tm4c123.o(.text)
    GPIOP2_Handler                           0x000003e5   Thumb Code     2  startup_tm4c123.o(.text)
    GPIOP3_Handler                           0x000003e7   Thumb Code     2  startup_tm4c123.o(.text)
    GPIOP4_Handler                           0x000003e9   Thumb Code     2  startup_tm4c123.o(.text)
    GPIOP5_Handler                           0x000003eb   Thumb Code     2  startup_tm4c123.o(.text)
    GPIOP6_Handler                           0x000003ed   Thumb Code     2  startup_tm4c123.o(.text)
    GPIOP7_Handler                           0x000003ef   Thumb Code     2  startup_tm4c123.o(.text)
    GPIOQ0_Handler                           0x000003f1   Thumb Code     2  startup_tm4c123.o(.text)
    GPIOQ1_Handler                           0x000003f3   Thumb Code     2  startup_tm4c123.o(.text)
    GPIOQ2_Handler                           0x000003f5   Thumb Code     2  startup_tm4c123.o(.text)
    GPIOQ3_Handler                           0x000003f7   Thumb Code     2  startup_tm4c123.o(.text)
    GPIOQ4_Handler                           0x000003f9   Thumb Code     2  startup_tm4c123.o(.text)
    GPIOQ5_Handler                           0x000003fb   Thumb Code     2  startup_tm4c123.o(.text)
    GPIOQ6_Handler                           0x000003fd   Thumb Code     2  startup_tm4c123.o(.text)
    GPIOQ7_Handler                           0x000003ff   Thumb Code     2  startup_tm4c123.o(.text)
    GPIOR_Handler                            0x00000401   Thumb Code     2  startup_tm4c123.o(.text)
    GPIOS_Handler                            0x00000403   Thumb Code     2  startup_tm4c123.o(.text)
    PMW1_0_Handler                           0x00000405   Thumb Code     2  startup_tm4c123.o(.text)
    PWM1_1_Handler                           0x00000407   Thumb Code     2  startup_tm4c123.o(.text)
    PWM1_2_Handler                           0x00000409   Thumb Code     2  startup_tm4c123.o(.text)
    PWM1_3_Handler                           0x0000040b   Thumb Code     2  startup_tm4c123.o(.text)
    PWM1_FAULT_Handler                       0x0000040d   Thumb Code     2  startup_tm4c123.o(.text)
    __user_initial_stackheap                 0x00000411   Thumb Code     0  startup_tm4c123.o(.text)
    __use_two_region_memory                  0x00000431   Thumb Code     2  heapauxi.o(.text)
    __rt_heap_escrow$2region                 0x00000433   Thumb Code     2  heapauxi.o(.text)
    __rt_heap_expand$2region                 0x00000435   Thumb Code     2  heapauxi.o(.text)
    __user_setup_stackheap                   0x00000437   Thumb Code    74  sys_stackheap_outer.o(.text)
    exit                                     0x00000481   Thumb Code    18  exit.o(.text)
    __user_libspace                          0x00000495   Thumb Code     8  libspace.o(.text)
    __user_perproc_libspace                  0x00000495   Thumb Code     0  libspace.o(.text)
    __user_perthread_libspace                0x00000495   Thumb Code     0  libspace.o(.text)
    _sys_exit                                0x0000049d   Thumb Code     8  sys_exit.o(.text)
    __I$use$semihosting                      0x000004a9   Thumb Code     0  use_no_semi.o(.text)
    __use_no_semihosting_swi                 0x000004a9   Thumb Code     2  use_no_semi.o(.text)
    __semihosting_library_function           0x000004ab   Thumb Code     0  indicate_semi.o(.text)
    Delay                                    0x000004ad   Thumb Code    36  uart.o(.text.Delay)
    PendSV_Handler                           0x000004d1   Thumb Code   100  port.o(.text.PendSV_Handler)
    SVC_Handler                              0x00000541   Thumb Code    36  port.o(.text.SVC_Handler)
    SysTick_Handler                          0x00000565   Thumb Code    60  port.o(.text.SysTick_Handler)
    SystemInit                               0x000005a1   Thumb Code    18  system_tm4c123.o(.text.SystemInit)
    UART0_Transmitter                        0x000005b5   Thumb Code    46  uart.o(.text.UART0_Transmitter)
    UART_Init                                0x000005e5   Thumb Code   162  uart.o(.text.UART_Init)
    main                                     0x00000689   Thumb Code    34  main.o(.text.main)
    printstring                              0x000006ad   Thumb Code    34  uart.o(.text.printstring)
    vTaskSwitchContext                       0x0000070d   Thumb Code   190  tasks.o(.text.vTaskSwitchContext)
    xTaskIncrementTick                       0x000007cd   Thumb Code   608  tasks.o(.text.xTaskIncrementTick)
    _fp_init                                 0x00000a2d   Thumb Code    26  fpinit.o(x$fpl$fpinit)
    __fplib_config_fpu_vfp                   0x00000a45   Thumb Code     0  fpinit.o(x$fpl$fpinit)
    __fplib_config_pureend_doubles           0x00000a45   Thumb Code     0  fpinit.o(x$fpl$fpinit)
    Region$$Table$$Base                      0x00000a4c   Number         0  anon$$obj.o(Region$$Table)
    Region$$Table$$Limit                     0x00000a5c   Number         0  anon$$obj.o(Region$$Table)
    __libspace_start                         0x20000000   Data          96  libspace.o(.bss)
    __temporary_stack_top$libspace           0x20000060   Data           0  libspace.o(.bss)
    pxCurrentTCB                             0x20000060   Data           4  tasks.o(.bss.pxCurrentTCB)



==============================================================================

Memory Map of the image

  Image Entry point : 0x0000031d

  Load Region LR_1 (Base: 0x00000000, Size: 0x00000a5c, Max: 0xffffffff, ABSOLUTE)

    Execution Region ER_RO (Exec base: 0x00000000, Load base: 0x00000000, Size: 0x00000a5c, Max: 0xffffffff, ABSOLUTE)

    Exec Addr    Load Addr    Size         Type   Attr      Idx    E Section Name        Object

    0x00000000   0x00000000   0x0000026c   Data   RO           30    RESET               startup_tm4c123.o
    0x0000026c   0x0000026c   0x00000008   Code   RO          466  * !!!main             c_w.l(__main.o)
    0x00000274   0x00000274   0x0000005c   Code   RO          635    !!!scatter          c_w.l(__scatter.o)
    0x000002d0   0x000002d0   0x00000002   Code   RO          636    !!handler_null      c_w.l(__scatter.o)
    0x000002d2   0x000002d2   0x00000002   PAD
    0x000002d4   0x000002d4   0x0000001c   Code   RO          639    !!handler_zi        c_w.l(__scatter_zi.o)
    0x000002f0   0x000002f0   0x00000002   Code   RO          497    .ARM.Collect$$libinit$$00000000  c_w.l(libinit.o)
    0x000002f2   0x000002f2   0x00000004   Code   RO          503    .ARM.Collect$$libinit$$00000001  c_w.l(libinit2.o)
    0x000002f6   0x000002f6   0x00000000   Code   RO          506    .ARM.Collect$$libinit$$00000004  c_w.l(libinit2.o)
    0x000002f6   0x000002f6   0x00000000   Code   RO          508    .ARM.Collect$$libinit$$00000006  c_w.l(libinit2.o)
    0x000002f6   0x000002f6   0x00000000   Code   RO          511    .ARM.Collect$$libinit$$0000000C  c_w.l(libinit2.o)
    0x000002f6   0x000002f6   0x00000000   Code   RO          513    .ARM.Collect$$libinit$$0000000E  c_w.l(libinit2.o)
    0x000002f6   0x000002f6   0x00000000   Code   RO          515    .ARM.Collect$$libinit$$00000010  c_w.l(libinit2.o)
    0x000002f6   0x000002f6   0x00000000   Code   RO          518    .ARM.Collect$$libinit$$00000013  c_w.l(libinit2.o)
    0x000002f6   0x000002f6   0x00000000   Code   RO          520    .ARM.Collect$$libinit$$00000015  c_w.l(libinit2.o)
    0x000002f6   0x000002f6   0x00000000   Code   RO          522    .ARM.Collect$$libinit$$00000017  c_w.l(libinit2.o)
    0x000002f6   0x000002f6   0x00000000   Code   RO          524    .ARM.Collect$$libinit$$00000019  c_w.l(libinit2.o)
    0x000002f6   0x000002f6   0x00000000   Code   RO          526    .ARM.Collect$$libinit$$0000001B  c_w.l(libinit2.o)
    0x000002f6   0x000002f6   0x00000000   Code   RO          528    .ARM.Collect$$libinit$$0000001D  c_w.l(libinit2.o)
    0x000002f6   0x000002f6   0x00000000   Code   RO          530    .ARM.Collect$$libinit$$0000001F  c_w.l(libinit2.o)
    0x000002f6   0x000002f6   0x00000000   Code   RO          532    .ARM.Collect$$libinit$$00000021  c_w.l(libinit2.o)
    0x000002f6   0x000002f6   0x00000000   Code   RO          534    .ARM.Collect$$libinit$$00000023  c_w.l(libinit2.o)
    0x000002f6   0x000002f6   0x00000000   Code   RO          536    .ARM.Collect$$libinit$$00000025  c_w.l(libinit2.o)
    0x000002f6   0x000002f6   0x00000000   Code   RO          538    .ARM.Collect$$libinit$$00000027  c_w.l(libinit2.o)
    0x000002f6   0x000002f6   0x00000000   Code   RO          542    .ARM.Collect$$libinit$$0000002E  c_w.l(libinit2.o)
    0x000002f6   0x000002f6   0x00000000   Code   RO          544    .ARM.Collect$$libinit$$00000030  c_w.l(libinit2.o)
    0x000002f6   0x000002f6   0x00000000   Code   RO          546    .ARM.Collect$$libinit$$00000032  c_w.l(libinit2.o)
    0x000002f6   0x000002f6   0x00000000   Code   RO          548    .ARM.Collect$$libinit$$00000034  c_w.l(libinit2.o)
    0x000002f6   0x000002f6   0x00000002   Code   RO          549    .ARM.Collect$$libinit$$00000035  c_w.l(libinit2.o)
    0x000002f8   0x000002f8   0x00000002   Code   RO          571    .ARM.Collect$$libshutdown$$00000000  c_w.l(libshutdown.o)
    0x000002fa   0x000002fa   0x00000000   Code   RO          586    .ARM.Collect$$libshutdown$$00000002  c_w.l(libshutdown2.o)
    0x000002fa   0x000002fa   0x00000000   Code   RO          588    .ARM.Collect$$libshutdown$$00000004  c_w.l(libshutdown2.o)
    0x000002fa   0x000002fa   0x00000000   Code   RO          591    .ARM.Collect$$libshutdown$$00000007  c_w.l(libshutdown2.o)
    0x000002fa   0x000002fa   0x00000000   Code   RO          594    .ARM.Collect$$libshutdown$$0000000A  c_w.l(libshutdown2.o)
    0x000002fa   0x000002fa   0x00000000   Code   RO          596    .ARM.Collect$$libshutdown$$0000000C  c_w.l(libshutdown2.o)
    0x000002fa   0x000002fa   0x00000000   Code   RO          599    .ARM.Collect$$libshutdown$$0000000F  c_w.l(libshutdown2.o)
    0x000002fa   0x000002fa   0x00000002   Code   RO          600    .ARM.Collect$$libshutdown$$00000010  c_w.l(libshutdown2.o)
    0x000002fc   0x000002fc   0x00000000   Code   RO          468    .ARM.Collect$$rtentry$$00000000  c_w.l(__rtentry.o)
    0x000002fc   0x000002fc   0x00000000   Code   RO          474    .ARM.Collect$$rtentry$$00000002  c_w.l(__rtentry2.o)
    0x000002fc   0x000002fc   0x00000006   Code   RO          486    .ARM.Collect$$rtentry$$00000004  c_w.l(__rtentry4.o)
    0x00000302   0x00000302   0x00000000   Code   RO          476    .ARM.Collect$$rtentry$$00000009  c_w.l(__rtentry2.o)
    0x00000302   0x00000302   0x00000004   Code   RO          477    .ARM.Collect$$rtentry$$0000000A  c_w.l(__rtentry2.o)
    0x00000306   0x00000306   0x00000000   Code   RO          479    .ARM.Collect$$rtentry$$0000000C  c_w.l(__rtentry2.o)
    0x00000306   0x00000306   0x00000008   Code   RO          480    .ARM.Collect$$rtentry$$0000000D  c_w.l(__rtentry2.o)
    0x0000030e   0x0000030e   0x00000002   Code   RO          501    .ARM.Collect$$rtexit$$00000000  c_w.l(rtexit.o)
    0x00000310   0x00000310   0x00000000   Code   RO          551    .ARM.Collect$$rtexit$$00000002  c_w.l(rtexit2.o)
    0x00000310   0x00000310   0x00000004   Code   RO          552    .ARM.Collect$$rtexit$$00000003  c_w.l(rtexit2.o)
    0x00000314   0x00000314   0x00000006   Code   RO          553    .ARM.Collect$$rtexit$$00000004  c_w.l(rtexit2.o)
    0x0000031a   0x0000031a   0x00000002   PAD
    0x0000031c   0x0000031c   0x00000114   Code   RO           31  * .text               startup_tm4c123.o
    0x00000430   0x00000430   0x00000006   Code   RO          464    .text               c_w.l(heapauxi.o)
    0x00000436   0x00000436   0x0000004a   Code   RO          488    .text               c_w.l(sys_stackheap_outer.o)
    0x00000480   0x00000480   0x00000012   Code   RO          490    .text               c_w.l(exit.o)
    0x00000492   0x00000492   0x00000002   PAD
    0x00000494   0x00000494   0x00000008   Code   RO          498    .text               c_w.l(libspace.o)
    0x0000049c   0x0000049c   0x0000000c   Code   RO          561    .text               c_w.l(sys_exit.o)
    0x000004a8   0x000004a8   0x00000002   Code   RO          576    .text               c_w.l(use_no_semi.o)
    0x000004aa   0x000004aa   0x00000000   Code   RO          578    .text               c_w.l(indicate_semi.o)
    0x000004aa   0x000004aa   0x00000002   PAD
    0x000004ac   0x000004ac   0x00000024   Code   RO           18    .text.Delay         uart.o
    0x000004d0   0x000004d0   0x00000064   Code   RO           90    .text.PendSV_Handler  port.o
    0x00000534   0x00000534   0x0000000c   PAD
    0x00000540   0x00000540   0x00000024   Code   RO           74    .text.SVC_Handler   port.o
    0x00000564   0x00000564   0x0000003c   Code   RO           92    .text.SysTick_Handler  port.o
    0x000005a0   0x000005a0   0x00000012   Code   RO           42    .text.SystemInit    system_tm4c123.o
    0x000005b2   0x000005b2   0x00000002   PAD
    0x000005b4   0x000005b4   0x0000002e   Code   RO           14    .text.UART0_Transmitter  uart.o
    0x000005e2   0x000005e2   0x00000002   PAD
    0x000005e4   0x000005e4   0x000000a2   Code   RO           20    .text.UART_Init     uart.o
    0x00000686   0x00000686   0x00000002   PAD
    0x00000688   0x00000688   0x00000022   Code   RO            2    .text.main          main.o
    0x000006aa   0x000006aa   0x00000002   PAD
    0x000006ac   0x000006ac   0x00000022   Code   RO           16    .text.printstring   uart.o
    0x000006ce   0x000006ce   0x00000002   PAD
    0x000006d0   0x000006d0   0x0000003c   Code   RO          224    .text.prvResetNextTaskUnblockTime  tasks.o
    0x0000070c   0x0000070c   0x000000be   Code   RO          248    .text.vTaskSwitchContext  tasks.o
    0x000007ca   0x000007ca   0x00000002   PAD
    0x000007cc   0x000007cc   0x00000260   Code   RO          262    .text.xTaskIncrementTick  tasks.o
    0x00000a2c   0x00000a2c   0x0000001a   Code   RO          559    x$fpl$fpinit        fz_wm.l(fpinit.o)
    0x00000a46   0x00000a46   0x00000005   Data   RO            4    .rodata.str1.1      main.o
    0x00000a4b   0x00000a4b   0x00000001   PAD
    0x00000a4c   0x00000a4c   0x00000010   Data   RO          634    Region$$Table       anon$$obj.o


    Execution Region ER_RW (Exec base: 0x20000000, Load base: 0x00000a5c, Size: 0x00000000, Max: 0xffffffff, ABSOLUTE)

    **** No section assigned to this execution region ****


    Execution Region ER_ZI (Exec base: 0x20000000, Load base: 0x00000a5c, Size: 0x000002f0, Max: 0xffffffff, ABSOLUTE)

    Exec Addr    Load Addr    Size         Type   Attr      Idx    E Section Name        Object

    0x20000000        -       0x00000060   Zero   RW          499    .bss                c_w.l(libspace.o)
    0x20000060        -       0x00000004   Zero   RW          354    .bss.pxCurrentTCB   tasks.o
    0x20000064        -       0x00000004   Zero   RW          365    .bss.pxDelayedTaskList  tasks.o
    0x20000068        -       0x00000004   Zero   RW          366    .bss.pxOverflowDelayedTaskList  tasks.o
    0x2000006c        -       0x00000064   Zero   RW          356    .bss.pxReadyTasksLists  tasks.o
    0x200000d0        -       0x00000004   Zero   RW          363    .bss.uxSchedulerSuspended  tasks.o
    0x200000d4        -       0x00000004   Zero   RW          357    .bss.uxTopReadyPriority  tasks.o
    0x200000d8        -       0x00000004   Zero   RW          372    .bss.xNextTaskUnblockTime  tasks.o
    0x200000dc        -       0x00000004   Zero   RW          374    .bss.xNumOfOverflows  tasks.o
    0x200000e0        -       0x00000004   Zero   RW          373    .bss.xPendedTicks   tasks.o
    0x200000e4        -       0x00000004   Zero   RW          364    .bss.xTickCount     tasks.o
    0x200000e8        -       0x00000004   Zero   RW          368    .bss.xYieldPending  tasks.o
    0x200000ec   0x00000a5c   0x00000004   PAD
    0x200000f0        -       0x00000000   Zero   RW           29    HEAP                startup_tm4c123.o
    0x200000f0        -       0x00000200   Zero   RW           28    STACK               startup_tm4c123.o


==============================================================================

Image component sizes


      Code (inc. data)   RO Data    RW Data    ZI Data      Debug   Object Name

        34          0          5          0          0        466   main.o
       196          8          0          0          0       4942   port.o
       276         24        620          0        512       5476   startup_tm4c123.o
        18          0          0          0          0       6617   system_tm4c123.o
       858          0          0          0        140      27325   tasks.o
       278          0          0          0          0       6684   uart.o

    ----------------------------------------------------------------------
      1684         44        642          0        656      51510   Object Totals
         0          0         16          0          0          0   (incl. Generated)
        24         12          1          0          4          0   (incl. Padding)

    ----------------------------------------------------------------------

      Code (inc. data)   RO Data    RW Data    ZI Data      Debug   Library Member Name

         8          0          0          0          0         68   __main.o
         0          0          0          0          0          0   __rtentry.o
        12          0          0          0          0          0   __rtentry2.o
         6          0          0          0          0          0   __rtentry4.o
        94          8          0          0          0          0   __scatter.o
        28          0          0          0          0          0   __scatter_zi.o
        18          0          0          0          0         80   exit.o
         6          0          0          0          0        152   heapauxi.o
         0          0          0          0          0          0   indicate_semi.o
         2          0          0          0          0          0   libinit.o
         6          0          0          0          0          0   libinit2.o
         2          0          0          0          0          0   libshutdown.o
         2          0          0          0          0          0   libshutdown2.o
         8          4          0          0         96         68   libspace.o
         2          0          0          0          0          0   rtexit.o
        10          0          0          0          0          0   rtexit2.o
        12          4          0          0          0         68   sys_exit.o
        74          0          0          0          0         80   sys_stackheap_outer.o
         2          0          0          0          0         68   use_no_semi.o
        26          0          0          0          0        116   fpinit.o

    ----------------------------------------------------------------------
       326         16          0          0         96        700   Library Totals
         8          0          0          0          0          0   (incl. Padding)

    ----------------------------------------------------------------------

      Code (inc. data)   RO Data    RW Data    ZI Data      Debug   Library Name

       292         16          0          0         96        584   c_w.l
        26          0          0          0          0        116   fz_wm.l

    ----------------------------------------------------------------------
       326         16          0          0         96        700   Library Totals

    ----------------------------------------------------------------------

==============================================================================


      Code (inc. data)   RO Data    RW Data    ZI Data      Debug   

      2010         60        642          0        752      51974   Grand Totals
      2010         60        642          0        752      51974   ELF Image Totals
      2010         60        642          0          0          0   ROM Totals

==============================================================================

    Total RO  Size (Code + RO Data)                 2652 (   2.59kB)
    Total RW  Size (RW Data + ZI Data)               752 (   0.73kB)
    Total ROM Size (Code + RO Data + RW Data)       2652 (   2.59kB)

==============================================================================

